Archive member included to satisfy reference by file (symbol)

/opt/st/stm32cubeide_1.10.1/plugins/com.st.stm32cube.ide.mcu.externaltools.gnu-tools-for-stm32.10.3-2021.10.linux64_1.0.0.202111181127/tools/bin/../lib/gcc/arm-none-eabi/10.3.1/../../../../arm-none-eabi/lib/thumb/v7-m/nofp/libc_nano.a(lib_a-errno.o)
                              ./Core/Src/syscalls.o (__errno)
/opt/st/stm32cubeide_1.10.1/plugins/com.st.stm32cube.ide.mcu.externaltools.gnu-tools-for-stm32.10.3-2021.10.linux64_1.0.0.202111181127/tools/bin/../lib/gcc/arm-none-eabi/10.3.1/../../../../arm-none-eabi/lib/thumb/v7-m/nofp/libc_nano.a(lib_a-exit.o)
                              /opt/st/stm32cubeide_1.10.1/plugins/com.st.stm32cube.ide.mcu.externaltools.gnu-tools-for-stm32.10.3-2021.10.linux64_1.0.0.202111181127/tools/bin/../lib/gcc/arm-none-eabi/10.3.1/../../../../arm-none-eabi/lib/thumb/v7-m/nofp/crt0.o (exit)
/opt/st/stm32cubeide_1.10.1/plugins/com.st.stm32cube.ide.mcu.externaltools.gnu-tools-for-stm32.10.3-2021.10.linux64_1.0.0.202111181127/tools/bin/../lib/gcc/arm-none-eabi/10.3.1/../../../../arm-none-eabi/lib/thumb/v7-m/nofp/libc_nano.a(lib_a-impure.o)
                              /opt/st/stm32cubeide_1.10.1/plugins/com.st.stm32cube.ide.mcu.externaltools.gnu-tools-for-stm32.10.3-2021.10.linux64_1.0.0.202111181127/tools/bin/../lib/gcc/arm-none-eabi/10.3.1/../../../../arm-none-eabi/lib/thumb/v7-m/nofp/libc_nano.a(lib_a-exit.o) (_global_impure_ptr)
/opt/st/stm32cubeide_1.10.1/plugins/com.st.stm32cube.ide.mcu.externaltools.gnu-tools-for-stm32.10.3-2021.10.linux64_1.0.0.202111181127/tools/bin/../lib/gcc/arm-none-eabi/10.3.1/../../../../arm-none-eabi/lib/thumb/v7-m/nofp/libc_nano.a(lib_a-init.o)
                              /opt/st/stm32cubeide_1.10.1/plugins/com.st.stm32cube.ide.mcu.externaltools.gnu-tools-for-stm32.10.3-2021.10.linux64_1.0.0.202111181127/tools/bin/../lib/gcc/arm-none-eabi/10.3.1/../../../../arm-none-eabi/lib/thumb/v7-m/nofp/crt0.o (__libc_init_array)
/opt/st/stm32cubeide_1.10.1/plugins/com.st.stm32cube.ide.mcu.externaltools.gnu-tools-for-stm32.10.3-2021.10.linux64_1.0.0.202111181127/tools/bin/../lib/gcc/arm-none-eabi/10.3.1/../../../../arm-none-eabi/lib/thumb/v7-m/nofp/libc_nano.a(lib_a-memset.o)
                              /opt/st/stm32cubeide_1.10.1/plugins/com.st.stm32cube.ide.mcu.externaltools.gnu-tools-for-stm32.10.3-2021.10.linux64_1.0.0.202111181127/tools/bin/../lib/gcc/arm-none-eabi/10.3.1/../../../../arm-none-eabi/lib/thumb/v7-m/nofp/crt0.o (memset)
/opt/st/stm32cubeide_1.10.1/plugins/com.st.stm32cube.ide.mcu.externaltools.gnu-tools-for-stm32.10.3-2021.10.linux64_1.0.0.202111181127/tools/bin/../lib/gcc/arm-none-eabi/10.3.1/../../../../arm-none-eabi/lib/thumb/v7-m/nofp/libc_nano.a(lib_a-sprintf.o)
                              ./Core/Src/main.o (sprintf)
/opt/st/stm32cubeide_1.10.1/plugins/com.st.stm32cube.ide.mcu.externaltools.gnu-tools-for-stm32.10.3-2021.10.linux64_1.0.0.202111181127/tools/bin/../lib/gcc/arm-none-eabi/10.3.1/../../../../arm-none-eabi/lib/thumb/v7-m/nofp/libc_nano.a(lib_a-strlen.o)
                              ./Core/Src/main.o (strlen)
/opt/st/stm32cubeide_1.10.1/plugins/com.st.stm32cube.ide.mcu.externaltools.gnu-tools-for-stm32.10.3-2021.10.linux64_1.0.0.202111181127/tools/bin/../lib/gcc/arm-none-eabi/10.3.1/../../../../arm-none-eabi/lib/thumb/v7-m/nofp/libc_nano.a(lib_a-nano-svfprintf.o)
                              /opt/st/stm32cubeide_1.10.1/plugins/com.st.stm32cube.ide.mcu.externaltools.gnu-tools-for-stm32.10.3-2021.10.linux64_1.0.0.202111181127/tools/bin/../lib/gcc/arm-none-eabi/10.3.1/../../../../arm-none-eabi/lib/thumb/v7-m/nofp/libc_nano.a(lib_a-sprintf.o) (_svfprintf_r)
/opt/st/stm32cubeide_1.10.1/plugins/com.st.stm32cube.ide.mcu.externaltools.gnu-tools-for-stm32.10.3-2021.10.linux64_1.0.0.202111181127/tools/bin/../lib/gcc/arm-none-eabi/10.3.1/../../../../arm-none-eabi/lib/thumb/v7-m/nofp/libc_nano.a(lib_a-nano-vfprintf_i.o)
                              /opt/st/stm32cubeide_1.10.1/plugins/com.st.stm32cube.ide.mcu.externaltools.gnu-tools-for-stm32.10.3-2021.10.linux64_1.0.0.202111181127/tools/bin/../lib/gcc/arm-none-eabi/10.3.1/../../../../arm-none-eabi/lib/thumb/v7-m/nofp/libc_nano.a(lib_a-nano-svfprintf.o) (_printf_i)
/opt/st/stm32cubeide_1.10.1/plugins/com.st.stm32cube.ide.mcu.externaltools.gnu-tools-for-stm32.10.3-2021.10.linux64_1.0.0.202111181127/tools/bin/../lib/gcc/arm-none-eabi/10.3.1/../../../../arm-none-eabi/lib/thumb/v7-m/nofp/libc_nano.a(lib_a-memchr-stub.o)
                              /opt/st/stm32cubeide_1.10.1/plugins/com.st.stm32cube.ide.mcu.externaltools.gnu-tools-for-stm32.10.3-2021.10.linux64_1.0.0.202111181127/tools/bin/../lib/gcc/arm-none-eabi/10.3.1/../../../../arm-none-eabi/lib/thumb/v7-m/nofp/libc_nano.a(lib_a-nano-svfprintf.o) (memchr)
[...]
Memory Configuration

Name             Origin             Length             Attributes
RAM              0x0000000020000000 0x0000000000005000 xrw
FLASH            0x0000000008000000 0x0000000000010000 xr
*default*        0x0000000000000000 0xffffffffffffffff

Linker script and memory map

LOAD /opt/st/stm32cubeide_1.10.1/plugins/com.st.stm32cube.ide.mcu.externaltools.gnu-tools-for-stm32.10.3-2021.10.linux64_1.0.0.202111181127/tools/bin/../lib/gcc/arm-none-eabi/10.3.1/thumb/v7-m/nofp/crti.o
LOAD /opt/st/stm32cubeide_1.10.1/plugins/com.st.stm32cube.ide.mcu.externaltools.gnu-tools-for-stm32.10.3-2021.10.linux64_1.0.0.202111181127/tools/bin/../lib/gcc/arm-none-eabi/10.3.1/thumb/v7-m/nofp/crtbegin.o
LOAD /opt/st/stm32cubeide_1.10.1/plugins/com.st.stm32cube.ide.mcu.externaltools.gnu-tools-for-stm32.10.3-2021.10.linux64_1.0.0.202111181127/tools/bin/../lib/gcc/arm-none-eabi/10.3.1/../../../../arm-none-eabi/lib/thumb/v7-m/nofp/crt0.o
LOAD ./Core/Src/main.o
LOAD ./Core/Src/stm32f1xx_hal_msp.o
LOAD ./Core/Src/stm32f1xx_it.o
LOAD ./Core/Src/syscalls.o
LOAD ./Core/Src/sysmem.o
LOAD ./Core/Src/system_stm32f1xx.o
LOAD ./Core/Startup/startup_stm32f103c8tx.o
LOAD ./Core/W5500/mFunctions.o
LOAD ./Core/W5500/socket.o
LOAD ./Core/W5500/w5500.o
LOAD ./Core/W5500/wizchip_conf.o
LOAD ./Drivers/STM32F1xx_HAL_Driver/Src/stm32f1xx_hal.o
LOAD ./Drivers/STM32F1xx_HAL_Driver/Src/stm32f1xx_hal_cortex.o
LOAD ./Drivers/STM32F1xx_HAL_Driver/Src/stm32f1xx_hal_dma.o
LOAD ./Drivers/STM32F1xx_HAL_Driver/Src/stm32f1xx_hal_exti.o
LOAD ./Drivers/STM32F1xx_HAL_Driver/Src/stm32f1xx_hal_flash.o
LOAD ./Drivers/STM32F1xx_HAL_Driver/Src/stm32f1xx_hal_flash_ex.o
LOAD ./Drivers/STM32F1xx_HAL_Driver/Src/stm32f1xx_hal_gpio.o
LOAD ./Drivers/STM32F1xx_HAL_Driver/Src/stm32f1xx_hal_gpio_ex.o
LOAD ./Drivers/STM32F1xx_HAL_Driver/Src/stm32f1xx_hal_pwr.o
LOAD ./Drivers/STM32F1xx_HAL_Driver/Src/stm32f1xx_hal_rcc.o
LOAD ./Drivers/STM32F1xx_HAL_Driver/Src/stm32f1xx_hal_rcc_ex.o
LOAD ./Drivers/STM32F1xx_HAL_Driver/Src/stm32f1xx_hal_spi.o
LOAD ./Drivers/STM32F1xx_HAL_Driver/Src/stm32f1xx_hal_tim.o
LOAD ./Drivers/STM32F1xx_HAL_Driver/Src/stm32f1xx_hal_tim_ex.o
LOAD ./Drivers/STM32F1xx_HAL_Driver/Src/stm32f1xx_hal_uart.o
START GROUP
LOAD /opt/st/stm32cubeide_1.10.1/plugins/com.st.stm32cube.ide.mcu.externaltools.gnu-tools-for-stm32.10.3-2021.10.linux64_1.0.0.202111181127/tools/bin/../lib/gcc/arm-none-eabi/10.3.1/../../../../arm-none-eabi/lib/thumb/v7-m/nofp/libc_nano.a
LOAD /opt/st/stm32cubeide_1.10.1/plugins/com.st.stm32cube.ide.mcu.externaltools.gnu-tools-for-stm32.10.3-2021.10.linux64_1.0.0.202111181127/tools/bin/../lib/gcc/arm-none-eabi/10.3.1/../../../../arm-none-eabi/lib/thumb/v7-m/nofp/libm.a
END GROUP
START GROUP
LOAD /opt/st/stm32cubeide_1.10.1/plugins/com.st.stm32cube.ide.mcu.externaltools.gnu-tools-for-stm32.10.3-2021.10.linux64_1.0.0.202111181127/tools/bin/../lib/gcc/arm-none-eabi/10.3.1/thumb/v7-m/nofp/libgcc.a
LOAD /opt/st/stm32cubeide_1.10.1/plugins/com.st.stm32cube.ide.mcu.externaltools.gnu-tools-for-stm32.10.3-2021.10.linux64_1.0.0.202111181127/tools/bin/../lib/gcc/arm-none-eabi/10.3.1/../../../../arm-none-eabi/lib/thumb/v7-m/nofp/libc_nano.a
END GROUP
START GROUP
LOAD /opt/st/stm32cubeide_1.10.1/plugins/com.st.stm32cube.ide.mcu.externaltools.gnu-tools-for-stm32.10.3-2021.10.linux64_1.0.0.202111181127/tools/bin/../lib/gcc/arm-none-eabi/10.3.1/thumb/v7-m/nofp/libgcc.a
LOAD /opt/st/stm32cubeide_1.10.1/plugins/com.st.stm32cube.ide.mcu.externaltools.gnu-tools-for-stm32.10.3-2021.10.linux64_1.0.0.202111181127/tools/bin/../lib/gcc/arm-none-eabi/10.3.1/../../../../arm-none-eabi/lib/thumb/v7-m/nofp/libc_nano.a
LOAD /opt/st/stm32cubeide_1.10.1/plugins/com.st.stm32cube.ide.mcu.externaltools.gnu-tools-for-stm32.10.3-2021.10.linux64_1.0.0.202111181127/tools/bin/../lib/gcc/arm-none-eabi/10.3.1/../../../../arm-none-eabi/lib/thumb/v7-m/nofp/libnosys.a
END GROUP
START GROUP
LOAD /opt/st/stm32cubeide_1.10.1/plugins/com.st.stm32cube.ide.mcu.externaltools.gnu-tools-for-stm32.10.3-2021.10.linux64_1.0.0.202111181127/tools/bin/../lib/gcc/arm-none-eabi/10.3.1/thumb/v7-m/nofp/libgcc.a
LOAD /opt/st/stm32cubeide_1.10.1/plugins/com.st.stm32cube.ide.mcu.externaltools.gnu-tools-for-stm32.10.3-2021.10.linux64_1.0.0.202111181127/tools/bin/../lib/gcc/arm-none-eabi/10.3.1/../../../../arm-none-eabi/lib/thumb/v7-m/nofp/libc_nano.a
LOAD /opt/st/stm32cubeide_1.10.1/plugins/com.st.stm32cube.ide.mcu.externaltools.gnu-tools-for-stm32.10.3-2021.10.linux64_1.0.0.202111181127/tools/bin/../lib/gcc/arm-none-eabi/10.3.1/../../../../arm-none-eabi/lib/thumb/v7-m/nofp/libnosys.a
END GROUP
LOAD /opt/st/stm32cubeide_1.10.1/plugins/com.st.stm32cube.ide.mcu.externaltools.gnu-tools-for-stm32.10.3-2021.10.linux64_1.0.0.202111181127/tools/bin/../lib/gcc/arm-none-eabi/10.3.1/thumb/v7-m/nofp/crtend.o
LOAD /opt/st/stm32cubeide_1.10.1/plugins/com.st.stm32cube.ide.mcu.externaltools.gnu-tools-for-stm32.10.3-2021.10.linux64_1.0.0.202111181127/tools/bin/../lib/gcc/arm-none-eabi/10.3.1/thumb/v7-m/nofp/crtn.o
                0x0000000020005000                _estack = (ORIGIN (RAM) + LENGTH (RAM))
                0x0000000000000200                _Min_Heap_Size = 0x200
                0x0000000000000400                _Min_Stack_Size = 0x400

.isr_vector     0x0000000008000000      0x10c
                0x0000000008000000                . = ALIGN (0x4)
 *(.isr_vector)
 .isr_vector    0x0000000008000000      0x10c ./Core/Startup/startup_stm32f103c8tx.o
                0x0000000008000000                g_pfnVectors
                0x000000000800010c                . = ALIGN (0x4)

.text           0x000000000800010c     0x3a5c
                0x000000000800010c                . = ALIGN (0x4)
 *(.text)
 .text          0x000000000800010c       0x40 /opt/st/stm32cubeide_1.10.1/plugins/com.st.stm32cube.ide.mcu.externaltools.gnu-tools-for-stm32.10.3-2021.10.linux64_1.0.0.202111181127/tools/bin/../lib/gcc/arm-none-eabi/10.3.1/thumb/v7-m/nofp/crtbegin.o
 .text          0x000000000800014c       0x10 /opt/st/stm32cubeide_1.10.1/plugins/com.st.stm32cube.ide.mcu.externaltools.gnu-tools-for-stm32.10.3-2021.10.linux64_1.0.0.202111181127/tools/bin/../lib/gcc/arm-none-eabi/10.3.1/../../../../arm-none-eabi/lib/thumb/v7-m/nofp/libc_nano.a(lib_a-strlen.o)
                0x000000000800014c                strlen
 *(.text*)
 .text.main     0x000000000800015c      0x1a4 ./Core/Src/main.o
                0x000000000800015c                main
 .text.SystemClock_Config
                0x0000000008000300       0x76 ./Core/Src/main.o
                0x0000000008000300                SystemClock_Config
 *fill*         0x0000000008000376        0x2 
 .text.MX_SPI1_Init
                0x0000000008000378       0x6c ./Core/Src/main.o
 .text.MX_USART2_UART_Init
                0x00000000080003e4       0x54 ./Core/Src/main.o
 .text.MX_GPIO_Init
                0x0000000008000438       0xc0 ./Core/Src/main.o
 .text.Error_Handler
                0x00000000080004f8        0xa ./Core/Src/main.o
                0x00000000080004f8                Error_Handler
 *fill*         0x0000000008000502        0x2 
 .text.HAL_MspInit
                0x0000000008000504       0x64 ./Core/Src/stm32f1xx_hal_msp.o
                0x0000000008000504                HAL_MspInit
 .text.HAL_SPI_MspInit
                0x0000000008000568       0x94 ./Core/Src/stm32f1xx_hal_msp.o
                0x0000000008000568                HAL_SPI_MspInit
 .text.HAL_UART_MspInit
                0x00000000080005fc       0x94 ./Core/Src/stm32f1xx_hal_msp.o
                0x00000000080005fc                HAL_UART_MspInit
 .text.NMI_Handler
                0x0000000008000690        0x6 ./Core/Src/stm32f1xx_it.o
                0x0000000008000690                NMI_Handler
 .text.HardFault_Handler
                0x0000000008000696        0x6 ./Core/Src/stm32f1xx_it.o
                0x0000000008000696                HardFault_Handler
 .text.MemManage_Handler
                0x000000000800069c        0x6 ./Core/Src/stm32f1xx_it.o
                0x000000000800069c                MemManage_Handler
 .text.BusFault_Handler
                0x00000000080006a2        0x6 ./Core/Src/stm32f1xx_it.o
                0x00000000080006a2                BusFault_Handler
 .text.UsageFault_Handler
                0x00000000080006a8        0x6 ./Core/Src/stm32f1xx_it.o
                0x00000000080006a8                UsageFault_Handler
 .text.SVC_Handler
                0x00000000080006ae        0xc ./Core/Src/stm32f1xx_it.o
                0x00000000080006ae                SVC_Handler
 .text.DebugMon_Handler
                0x00000000080006ba        0xc ./Core/Src/stm32f1xx_it.o
                0x00000000080006ba                DebugMon_Handler
 .text.PendSV_Handler
                0x00000000080006c6        0xc ./Core/Src/stm32f1xx_it.o
                0x00000000080006c6                PendSV_Handler
 .text.SysTick_Handler
                0x00000000080006d2        0xc ./Core/Src/stm32f1xx_it.o
                0x00000000080006d2                SysTick_Handler
 *fill*         0x00000000080006de        0x2 
 .text._sbrk    0x00000000080006e0       0x6c ./Core/Src/sysmem.o
                0x00000000080006e0                _sbrk
 .text.SystemInit
                0x000000000800074c        0xc ./Core/Src/system_stm32f1xx.o
                0x000000000800074c                SystemInit
 .text.Reset_Handler
                0x0000000008000758       0x48 ./Core/Startup/startup_stm32f103c8tx.o
                0x0000000008000758                Reset_Handler
 .text.Default_Handler
                0x00000000080007a0        0x2 ./Core/Startup/startup_stm32f103c8tx.o
                0x00000000080007a0                RTC_Alarm_IRQHandler
                0x00000000080007a0                EXTI2_IRQHandler
                0x00000000080007a0                TIM1_CC_IRQHandler
                0x00000000080007a0                PVD_IRQHandler
                0x00000000080007a0                EXTI3_IRQHandler
                0x00000000080007a0                EXTI0_IRQHandler
                0x00000000080007a0                I2C2_EV_IRQHandler
                0x00000000080007a0                ADC1_2_IRQHandler
                0x00000000080007a0                SPI1_IRQHandler
                0x00000000080007a0                TAMPER_IRQHandler
                0x00000000080007a0                DMA1_Channel4_IRQHandler
                0x00000000080007a0                USART3_IRQHandler
                0x00000000080007a0                RTC_IRQHandler
                0x00000000080007a0                DMA1_Channel7_IRQHandler
                0x00000000080007a0                CAN1_RX1_IRQHandler
                0x00000000080007a0                TIM4_IRQHandler
                0x00000000080007a0                I2C1_EV_IRQHandler
                0x00000000080007a0                DMA1_Channel6_IRQHandler
                0x00000000080007a0                TIM3_IRQHandler
                0x00000000080007a0                RCC_IRQHandler
                0x00000000080007a0                TIM1_TRG_COM_IRQHandler
                0x00000000080007a0                DMA1_Channel1_IRQHandler
                0x00000000080007a0                Default_Handler
                0x00000000080007a0                EXTI15_10_IRQHandler
                0x00000000080007a0                EXTI9_5_IRQHandler
                0x00000000080007a0                SPI2_IRQHandler
                0x00000000080007a0                DMA1_Channel5_IRQHandler
                0x00000000080007a0                EXTI4_IRQHandler
                0x00000000080007a0                USB_LP_CAN1_RX0_IRQHandler
                0x00000000080007a0                USB_HP_CAN1_TX_IRQHandler
                0x00000000080007a0                DMA1_Channel3_IRQHandler
                0x00000000080007a0                TIM1_UP_IRQHandler
                0x00000000080007a0                WWDG_IRQHandler
                0x00000000080007a0                TIM2_IRQHandler
                0x00000000080007a0                TIM1_BRK_IRQHandler
                0x00000000080007a0                EXTI1_IRQHandler
                0x00000000080007a0                USART2_IRQHandler
                0x00000000080007a0                I2C2_ER_IRQHandler
                0x00000000080007a0                DMA1_Channel2_IRQHandler
                0x00000000080007a0                CAN1_SCE_IRQHandler
                0x00000000080007a0                FLASH_IRQHandler
                0x00000000080007a0                USART1_IRQHandler
                0x00000000080007a0                I2C1_ER_IRQHandler
                0x00000000080007a0                USBWakeUp_IRQHandler
 *fill*         0x00000000080007a2        0x2 
 .text.mPrintf  0x00000000080007a4       0x2c ./Core/W5500/mFunctions.o
                0x00000000080007a4                mPrintf
 .text.CsSelect
                0x00000000080007d0       0x18 ./Core/W5500/mFunctions.o
                0x00000000080007d0                CsSelect
 .text.CsDeselect
                0x00000000080007e8       0x18 ./Core/W5500/mFunctions.o
                0x00000000080007e8                CsDeselect
 .text.SpiRb    0x0000000008000800       0x28 ./Core/W5500/mFunctions.o
                0x0000000008000800                SpiRb
 .text.SpiWb    0x0000000008000828       0x24 ./Core/W5500/mFunctions.o
                0x0000000008000828                SpiWb
 .text.WIZCHIP_READ
                0x000000000800084c       0x98 ./Core/W5500/w5500.o
                0x000000000800084c                WIZCHIP_READ
 .text.WIZCHIP_WRITE
                0x00000000080008e4       0x9c ./Core/W5500/w5500.o
                0x00000000080008e4                WIZCHIP_WRITE
 .text.WIZCHIP_READ_BUF
                0x0000000008000980       0xc0 ./Core/W5500/w5500.o
                0x0000000008000980                WIZCHIP_READ_BUF
 .text.WIZCHIP_WRITE_BUF
                0x0000000008000a40       0xc0 ./Core/W5500/w5500.o
                0x0000000008000a40                WIZCHIP_WRITE_BUF
 .text.wizchip_cris_enter
                0x0000000008000b00        0xc ./Core/W5500/wizchip_conf.o
                0x0000000008000b00                wizchip_cris_enter
 .text.wizchip_cris_exit
                0x0000000008000b0c        0xc ./Core/W5500/wizchip_conf.o
                0x0000000008000b0c                wizchip_cris_exit
 .text.wizchip_cs_select
                0x0000000008000b18        0xc ./Core/W5500/wizchip_conf.o
                0x0000000008000b18                wizchip_cs_select
 .text.wizchip_cs_deselect
                0x0000000008000b24        0xc ./Core/W5500/wizchip_conf.o
                0x0000000008000b24                wizchip_cs_deselect
 .text.wizchip_bus_readdata
                0x0000000008000b30       0x18 ./Core/W5500/wizchip_conf.o
                0x0000000008000b30                wizchip_bus_readdata
 .text.wizchip_bus_writedata
                0x0000000008000b48       0x1c ./Core/W5500/wizchip_conf.o
                0x0000000008000b48                wizchip_bus_writedata
 .text.wizchip_spi_readbyte
                0x0000000008000b64        0xe ./Core/W5500/wizchip_conf.o
                0x0000000008000b64                wizchip_spi_readbyte
 .text.wizchip_spi_writebyte
                0x0000000008000b72       0x14 ./Core/W5500/wizchip_conf.o
                0x0000000008000b72                wizchip_spi_writebyte
 *fill*         0x0000000008000b86        0x2 
 .text.reg_wizchip_cs_cbfunc
                0x0000000008000b88       0x48 ./Core/W5500/wizchip_conf.o
                0x0000000008000b88                reg_wizchip_cs_cbfunc
 .text.reg_wizchip_spi_cbfunc
                0x0000000008000bd0       0x58 ./Core/W5500/wizchip_conf.o
                0x0000000008000bd0                reg_wizchip_spi_cbfunc
 .text.ctlwizchip
                0x0000000008000c28      0x1c4 ./Core/W5500/wizchip_conf.o
                0x0000000008000c28                ctlwizchip
 .text.ctlnetwork
                0x0000000008000dec       0x7c ./Core/W5500/wizchip_conf.o
                0x0000000008000dec                ctlnetwork
 .text.wizchip_sw_reset
                0x0000000008000e68       0x98 ./Core/W5500/wizchip_conf.o
                0x0000000008000e68                wizchip_sw_reset
 .text.wizchip_init
                0x0000000008000f00      0x118 ./Core/W5500/wizchip_conf.o
                0x0000000008000f00                wizchip_init
 .text.wizchip_clrinterrupt
                0x0000000008001018       0x68 ./Core/W5500/wizchip_conf.o
                0x0000000008001018                wizchip_clrinterrupt
 .text.wizchip_getinterrupt
                0x0000000008001080       0x4a ./Core/W5500/wizchip_conf.o
                0x0000000008001080                wizchip_getinterrupt
 .text.wizchip_setinterruptmask
                0x00000000080010ca       0x36 ./Core/W5500/wizchip_conf.o
                0x00000000080010ca                wizchip_setinterruptmask
 .text.wizchip_getinterruptmask
                0x0000000008001100       0x46 ./Core/W5500/wizchip_conf.o
                0x0000000008001100                wizchip_getinterruptmask
 .text.wizphy_getphylink
                0x0000000008001146       0x2c ./Core/W5500/wizchip_conf.o
                0x0000000008001146                wizphy_getphylink
 .text.wizphy_getphypmode
                0x0000000008001172       0x32 ./Core/W5500/wizchip_conf.o
                0x0000000008001172                wizphy_getphypmode
 .text.wizphy_reset
                0x00000000080011a4       0x4e ./Core/W5500/wizchip_conf.o
                0x00000000080011a4                wizphy_reset
 .text.wizphy_setphyconf
                0x00000000080011f2       0x84 ./Core/W5500/wizchip_conf.o
                0x00000000080011f2                wizphy_setphyconf
 .text.wizphy_getphyconf
                0x0000000008001276       0xd2 ./Core/W5500/wizchip_conf.o
                0x0000000008001276                wizphy_getphyconf
 .text.wizphy_setphypmode
                0x0000000008001348       0x94 ./Core/W5500/wizchip_conf.o
                0x0000000008001348                wizphy_setphypmode
 .text.wizchip_setnetinfo
                0x00000000080013dc       0x80 ./Core/W5500/wizchip_conf.o
                0x00000000080013dc                wizchip_setnetinfo
 .text.wizchip_getnetinfo
                0x000000000800145c       0x80 ./Core/W5500/wizchip_conf.o
                0x000000000800145c                wizchip_getnetinfo
 .text.wizchip_setnetmode
                0x00000000080014dc       0x44 ./Core/W5500/wizchip_conf.o
                0x00000000080014dc                wizchip_setnetmode
 .text.wizchip_getnetmode
                0x0000000008001520       0x10 ./Core/W5500/wizchip_conf.o
                0x0000000008001520                wizchip_getnetmode
 .text.wizchip_settimeout
                0x0000000008001530       0x42 ./Core/W5500/wizchip_conf.o
                0x0000000008001530                wizchip_settimeout
 .text.wizchip_gettimeout
                0x0000000008001572       0x44 ./Core/W5500/wizchip_conf.o
                0x0000000008001572                wizchip_gettimeout
 *fill*         0x00000000080015b6        0x2 
 .text.HAL_Init
                0x00000000080015b8       0x2c ./Drivers/STM32F1xx_HAL_Driver/Src/stm32f1xx_hal.o
                0x00000000080015b8                HAL_Init
 .text.HAL_InitTick
                0x00000000080015e4       0x60 ./Drivers/STM32F1xx_HAL_Driver/Src/stm32f1xx_hal.o
                0x00000000080015e4                HAL_InitTick
 .text.HAL_IncTick
                0x0000000008001644       0x24 ./Drivers/STM32F1xx_HAL_Driver/Src/stm32f1xx_hal.o
                0x0000000008001644                HAL_IncTick
 .text.HAL_GetTick
                0x0000000008001668       0x14 ./Drivers/STM32F1xx_HAL_Driver/Src/stm32f1xx_hal.o
                0x0000000008001668                HAL_GetTick
 .text.__NVIC_SetPriorityGrouping
                0x000000000800167c       0x48 ./Drivers/STM32F1xx_HAL_Driver/Src/stm32f1xx_hal_cortex.o
 .text.__NVIC_GetPriorityGrouping
                0x00000000080016c4       0x1c ./Drivers/STM32F1xx_HAL_Driver/Src/stm32f1xx_hal_cortex.o
 .text.__NVIC_SetPriority
                0x00000000080016e0       0x54 ./Drivers/STM32F1xx_HAL_Driver/Src/stm32f1xx_hal_cortex.o
 .text.NVIC_EncodePriority
                0x0000000008001734       0x64 ./Drivers/STM32F1xx_HAL_Driver/Src/stm32f1xx_hal_cortex.o
 .text.SysTick_Config
                0x0000000008001798       0x44 ./Drivers/STM32F1xx_HAL_Driver/Src/stm32f1xx_hal_cortex.o
 .text.HAL_NVIC_SetPriorityGrouping
                0x00000000080017dc       0x16 ./Drivers/STM32F1xx_HAL_Driver/Src/stm32f1xx_hal_cortex.o
                0x00000000080017dc                HAL_NVIC_SetPriorityGrouping
 .text.HAL_NVIC_SetPriority
                0x00000000080017f2       0x38 ./Drivers/STM32F1xx_HAL_Driver/Src/stm32f1xx_hal_cortex.o
                0x00000000080017f2                HAL_NVIC_SetPriority
 .text.HAL_SYSTICK_Config
                0x000000000800182a       0x18 ./Drivers/STM32F1xx_HAL_Driver/Src/stm32f1xx_hal_cortex.o
                0x000000000800182a                HAL_SYSTICK_Config
 *fill*         0x0000000008001842        0x2 
 .text.HAL_GPIO_Init
                0x0000000008001844      0x308 ./Drivers/STM32F1xx_HAL_Driver/Src/stm32f1xx_hal_gpio.o
                0x0000000008001844                HAL_GPIO_Init
 .text.HAL_GPIO_WritePin
                0x0000000008001b4c       0x30 ./Drivers/STM32F1xx_HAL_Driver/Src/stm32f1xx_hal_gpio.o
                0x0000000008001b4c                HAL_GPIO_WritePin
 .text.HAL_RCC_OscConfig
                0x0000000008001b7c      0x504 ./Drivers/STM32F1xx_HAL_Driver/Src/stm32f1xx_hal_rcc.o
                0x0000000008001b7c                HAL_RCC_OscConfig
 .text.HAL_RCC_ClockConfig
                0x0000000008002080      0x1d4 ./Drivers/STM32F1xx_HAL_Driver/Src/stm32f1xx_hal_rcc.o
                0x0000000008002080                HAL_RCC_ClockConfig
 .text.HAL_RCC_GetSysClockFreq
                0x0000000008002254       0xbc ./Drivers/STM32F1xx_HAL_Driver/Src/stm32f1xx_hal_rcc.o
                0x0000000008002254                HAL_RCC_GetSysClockFreq
 .text.HAL_RCC_GetHCLKFreq
                0x0000000008002310       0x14 ./Drivers/STM32F1xx_HAL_Driver/Src/stm32f1xx_hal_rcc.o
                0x0000000008002310                HAL_RCC_GetHCLKFreq
 .text.HAL_RCC_GetPCLK1Freq
                0x0000000008002324       0x28 ./Drivers/STM32F1xx_HAL_Driver/Src/stm32f1xx_hal_rcc.o
                0x0000000008002324                HAL_RCC_GetPCLK1Freq
 .text.HAL_RCC_GetPCLK2Freq
                0x000000000800234c       0x28 ./Drivers/STM32F1xx_HAL_Driver/Src/stm32f1xx_hal_rcc.o
                0x000000000800234c                HAL_RCC_GetPCLK2Freq
 .text.RCC_Delay
                0x0000000008002374       0x3c ./Drivers/STM32F1xx_HAL_Driver/Src/stm32f1xx_hal_rcc.o
 .text.HAL_SPI_Init
                0x00000000080023b0      0x108 ./Drivers/STM32F1xx_HAL_Driver/Src/stm32f1xx_hal_spi.o
                0x00000000080023b0                HAL_SPI_Init
 .text.HAL_SPI_Transmit
                0x00000000080024b8      0x278 ./Drivers/STM32F1xx_HAL_Driver/Src/stm32f1xx_hal_spi.o
                0x00000000080024b8                HAL_SPI_Transmit
 .text.HAL_SPI_Receive
                0x0000000008002730      0x222 ./Drivers/STM32F1xx_HAL_Driver/Src/stm32f1xx_hal_spi.o
                0x0000000008002730                HAL_SPI_Receive
 .text.HAL_SPI_TransmitReceive
                0x0000000008002952      0x344 ./Drivers/STM32F1xx_HAL_Driver/Src/stm32f1xx_hal_spi.o
                0x0000000008002952                HAL_SPI_TransmitReceive
 *fill*         0x0000000008002c96        0x2 
 .text.SPI_WaitFlagStateUntilTimeout
                0x0000000008002c98      0x110 ./Drivers/STM32F1xx_HAL_Driver/Src/stm32f1xx_hal_spi.o
 .text.SPI_EndRxTransaction
                0x0000000008002da8       0xa4 ./Drivers/STM32F1xx_HAL_Driver/Src/stm32f1xx_hal_spi.o
 .text.SPI_EndRxTxTransaction
                0x0000000008002e4c       0x3c ./Drivers/STM32F1xx_HAL_Driver/Src/stm32f1xx_hal_spi.o
 .text.HAL_UART_Init
                0x0000000008002e88       0x9a ./Drivers/STM32F1xx_HAL_Driver/Src/stm32f1xx_hal_uart.o
                0x0000000008002e88                HAL_UART_Init
 .text.HAL_UART_Transmit
                0x0000000008002f22      0x124 ./Drivers/STM32F1xx_HAL_Driver/Src/stm32f1xx_hal_uart.o
                0x0000000008002f22                HAL_UART_Transmit
 .text.UART_WaitOnFlagUntilTimeout
                0x0000000008003046       0x94 ./Drivers/STM32F1xx_HAL_Driver/Src/stm32f1xx_hal_uart.o
 *fill*         0x00000000080030da        0x2 
 .text.UART_SetConfig
                0x00000000080030dc      0x11c ./Drivers/STM32F1xx_HAL_Driver/Src/stm32f1xx_hal_uart.o
 .text.__errno  0x00000000080031f8        0xc /opt/st/stm32cubeide_1.10.1/plugins/com.st.stm32cube.ide.mcu.externaltools.gnu-tools-for-stm32.10.3-2021.10.linux64_1.0.0.202111181127/tools/bin/../lib/gcc/arm-none-eabi/10.3.1/../../../../arm-none-eabi/lib/thumb/v7-m/nofp/libc_nano.a(lib_a-errno.o)
                0x00000000080031f8                __errno
 .text.__libc_init_array
                0x0000000008003204       0x48 /opt/st/stm32cubeide_1.10.1/plugins/com.st.stm32cube.ide.mcu.externaltools.gnu-tools-for-stm32.10.3-2021.10.linux64_1.0.0.202111181127/tools/bin/../lib/gcc/arm-none-eabi/10.3.1/../../../../arm-none-eabi/lib/thumb/v7-m/nofp/libc_nano.a(lib_a-init.o)
                0x0000000008003204                __libc_init_array
 .text.memset   0x000000000800324c       0x10 /opt/st/stm32cubeide_1.10.1/plugins/com.st.stm32cube.ide.mcu.externaltools.gnu-tools-for-stm32.10.3-2021.10.linux64_1.0.0.202111181127/tools/bin/../lib/gcc/arm-none-eabi/10.3.1/../../../../arm-none-eabi/lib/thumb/v7-m/nofp/libc_nano.a(lib_a-memset.o)
                0x000000000800324c                memset
 .text.sprintf  0x000000000800325c       0x40 /opt/st/stm32cubeide_1.10.1/plugins/com.st.stm32cube.ide.mcu.externaltools.gnu-tools-for-stm32.10.3-2021.10.linux64_1.0.0.202111181127/tools/bin/../lib/gcc/arm-none-eabi/10.3.1/../../../../arm-none-eabi/lib/thumb/v7-m/nofp/libc_nano.a(lib_a-sprintf.o)
                0x000000000800325c                sprintf
                0x000000000800325c                siprintf
 .text.__ssputs_r
                0x000000000800329c       0xb6 /opt/st/stm32cubeide_1.10.1/plugins/com.st.stm32cube.ide.mcu.externaltools.gnu-tools-for-stm32.10.3-2021.10.linux64_1.0.0.202111181127/tools/bin/../lib/gcc/arm-none-eabi/10.3.1/../../../../arm-none-eabi/lib/thumb/v7-m/nofp/libc_nano.a(lib_a-nano-svfprintf.o)
                0x000000000800329c                __ssputs_r
 *fill*         0x0000000008003352        0x2 
 .text._svfprintf_r
                0x0000000008003354      0x200 /opt/st/stm32cubeide_1.10.1/plugins/com.st.stm32cube.ide.mcu.externaltools.gnu-tools-for-stm32.10.3-2021.10.linux64_1.0.0.202111181127/tools/bin/../lib/gcc/arm-none-eabi/10.3.1/../../../../arm-none-eabi/lib/thumb/v7-m/nofp/libc_nano.a(lib_a-nano-svfprintf.o)
                0x0000000008003354                _svfprintf_r
                0x0000000008003354                _svfiprintf_r
 .text._printf_common
                0x0000000008003554       0xde /opt/st/stm32cubeide_1.10.1/plugins/com.st.stm32cube.ide.mcu.externaltools.gnu-tools-for-stm32.10.3-2021.10.linux64_1.0.0.202111181127/tools/bin/../lib/gcc/arm-none-eabi/10.3.1/../../../../arm-none-eabi/lib/thumb/v7-m/nofp/libc_nano.a(lib_a-nano-vfprintf_i.o)
                0x0000000008003554                _printf_common
 *fill*         0x0000000008003632        0x2 
 .text._printf_i
                0x0000000008003634      0x24c /opt/st/stm32cubeide_1.10.1/plugins/com.st.stm32cube.ide.mcu.externaltools.gnu-tools-for-stm32.10.3-2021.10.linux64_1.0.0.202111181127/tools/bin/../lib/gcc/arm-none-eabi/10.3.1/../../../../arm-none-eabi/lib/thumb/v7-m/nofp/libc_nano.a(lib_a-nano-vfprintf_i.o)
                0x0000000008003634                _printf_i
 .text.memchr   0x0000000008003880       0x1c /opt/st/stm32cubeide_1.10.1/plugins/com.st.stm32cube.ide.mcu.externaltools.gnu-tools-for-stm32.10.3-2021.10.linux64_1.0.0.202111181127/tools/bin/../lib/gcc/arm-none-eabi/10.3.1/../../../../arm-none-eabi/lib/thumb/v7-m/nofp/libc_nano.a(lib_a-memchr-stub.o)
                0x0000000008003880                memchr
 .text.memcpy   0x000000000800389c       0x1c /opt/st/stm32cubeide_1.10.1/plugins/com.st.stm32cube.ide.mcu.externaltools.gnu-tools-for-stm32.10.3-2021.10.linux64_1.0.0.202111181127/tools/bin/../lib/gcc/arm-none-eabi/10.3.1/../../../../arm-none-eabi/lib/thumb/v7-m/nofp/libc_nano.a(lib_a-memcpy-stub.o)
                0x000000000800389c                memcpy
 .text.memmove  0x00000000080038b8       0x34 /opt/st/stm32cubeide_1.10.1/plugins/com.st.stm32cube.ide.mcu.externaltools.gnu-tools-for-stm32.10.3-2021.10.linux64_1.0.0.202111181127/tools/bin/../lib/gcc/arm-none-eabi/10.3.1/../../../../arm-none-eabi/lib/thumb/v7-m/nofp/libc_nano.a(lib_a-memmove.o)
                0x00000000080038b8                memmove
 .text._free_r  0x00000000080038ec       0x90 /opt/st/stm32cubeide_1.10.1/plugins/com.st.stm32cube.ide.mcu.externaltools.gnu-tools-for-stm32.10.3-2021.10.linux64_1.0.0.202111181127/tools/bin/../lib/gcc/arm-none-eabi/10.3.1/../../../../arm-none-eabi/lib/thumb/v7-m/nofp/libc_nano.a(lib_a-nano-freer.o)
                0x00000000080038ec                _free_r
 .text.sbrk_aligned
                0x000000000800397c       0x40 /opt/st/stm32cubeide_1.10.1/plugins/com.st.stm32cube.ide.mcu.externaltools.gnu-tools-for-stm32.10.3-2021.10.linux64_1.0.0.202111181127/tools/bin/../lib/gcc/arm-none-eabi/10.3.1/../../../../arm-none-eabi/lib/thumb/v7-m/nofp/libc_nano.a(lib_a-nano-mallocr.o)
 .text._malloc_r
                0x00000000080039bc       0xe8 /opt/st/stm32cubeide_1.10.1/plugins/com.st.stm32cube.ide.mcu.externaltools.gnu-tools-for-stm32.10.3-2021.10.linux64_1.0.0.202111181127/tools/bin/../lib/gcc/arm-none-eabi/10.3.1/../../../../arm-none-eabi/lib/thumb/v7-m/nofp/libc_nano.a(lib_a-nano-mallocr.o)
                0x00000000080039bc                _malloc_r
 .text._realloc_r
                0x0000000008003aa4       0x5e /opt/st/stm32cubeide_1.10.1/plugins/com.st.stm32cube.ide.mcu.externaltools.gnu-tools-for-stm32.10.3-2021.10.linux64_1.0.0.202111181127/tools/bin/../lib/gcc/arm-none-eabi/10.3.1/../../../../arm-none-eabi/lib/thumb/v7-m/nofp/libc_nano.a(lib_a-nano-reallocr.o)
                0x0000000008003aa4                _realloc_r
 *fill*         0x0000000008003b02        0x2 
 .text._sbrk_r  0x0000000008003b04       0x20 /opt/st/stm32cubeide_1.10.1/plugins/com.st.stm32cube.ide.mcu.externaltools.gnu-tools-for-stm32.10.3-2021.10.linux64_1.0.0.202111181127/tools/bin/../lib/gcc/arm-none-eabi/10.3.1/../../../../arm-none-eabi/lib/thumb/v7-m/nofp/libc_nano.a(lib_a-sbrkr.o)
                0x0000000008003b04                _sbrk_r
 .text.__malloc_lock
                0x0000000008003b24        0xc /opt/st/stm32cubeide_1.10.1/plugins/com.st.stm32cube.ide.mcu.externaltools.gnu-tools-for-stm32.10.3-2021.10.linux64_1.0.0.202111181127/tools/bin/../lib/gcc/arm-none-eabi/10.3.1/../../../../arm-none-eabi/lib/thumb/v7-m/nofp/libc_nano.a(lib_a-mlock.o)
                0x0000000008003b24                __malloc_lock
 .text.__malloc_unlock
                0x0000000008003b30        0xc /opt/st/stm32cubeide_1.10.1/plugins/com.st.stm32cube.ide.mcu.externaltools.gnu-tools-for-stm32.10.3-2021.10.linux64_1.0.0.202111181127/tools/bin/../lib/gcc/arm-none-eabi/10.3.1/../../../../arm-none-eabi/lib/thumb/v7-m/nofp/libc_nano.a(lib_a-mlock.o)
                0x0000000008003b30                __malloc_unlock
 .text._malloc_usable_size_r
                0x0000000008003b3c       0x10 /opt/st/stm32cubeide_1.10.1/plugins/com.st.stm32cube.ide.mcu.externaltools.gnu-tools-for-stm32.10.3-2021.10.linux64_1.0.0.202111181127/tools/bin/../lib/gcc/arm-none-eabi/10.3.1/../../../../arm-none-eabi/lib/thumb/v7-m/nofp/libc_nano.a(lib_a-nano-msizer.o)
                0x0000000008003b3c                _malloc_usable_size_r
 .text.__retarget_lock_acquire_recursive
                0x0000000008003b4c        0x2 /opt/st/stm32cubeide_1.10.1/plugins/com.st.stm32cube.ide.mcu.externaltools.gnu-tools-for-stm32.10.3-2021.10.linux64_1.0.0.202111181127/tools/bin/../lib/gcc/arm-none-eabi/10.3.1/../../../../arm-none-eabi/lib/thumb/v7-m/nofp/libc_nano.a(lib_a-lock.o)
                0x0000000008003b4c                __retarget_lock_acquire_recursive
 .text.__retarget_lock_release_recursive
                0x0000000008003b4e        0x2 /opt/st/stm32cubeide_1.10.1/plugins/com.st.stm32cube.ide.mcu.externaltools.gnu-tools-for-stm32.10.3-2021.10.linux64_1.0.0.202111181127/tools/bin/../lib/gcc/arm-none-eabi/10.3.1/../../../../arm-none-eabi/lib/thumb/v7-m/nofp/libc_nano.a(lib_a-lock.o)
                0x0000000008003b4e                __retarget_lock_release_recursive
 *(.glue_7)
 .glue_7        0x0000000008003b50        0x0 linker stubs
 *(.glue_7t)
 .glue_7t       0x0000000008003b50        0x0 linker stubs
 *(.eh_frame)
 .eh_frame      0x0000000008003b50        0x0 /opt/st/stm32cubeide_1.10.1/plugins/com.st.stm32cube.ide.mcu.externaltools.gnu-tools-for-stm32.10.3-2021.10.linux64_1.0.0.202111181127/tools/bin/../lib/gcc/arm-none-eabi/10.3.1/thumb/v7-m/nofp/crtbegin.o
 *(.init)
 .init          0x0000000008003b50        0x4 /opt/st/stm32cubeide_1.10.1/plugins/com.st.stm32cube.ide.mcu.externaltools.gnu-tools-for-stm32.10.3-2021.10.linux64_1.0.0.202111181127/tools/bin/../lib/gcc/arm-none-eabi/10.3.1/thumb/v7-m/nofp/crti.o
                0x0000000008003b50                _init
 .init          0x0000000008003b54        0x8 /opt/st/stm32cubeide_1.10.1/plugins/com.st.stm32cube.ide.mcu.externaltools.gnu-tools-for-stm32.10.3-2021.10.linux64_1.0.0.202111181127/tools/bin/../lib/gcc/arm-none-eabi/10.3.1/thumb/v7-m/nofp/crtn.o
 *(.fini)
 .fini          0x0000000008003b5c        0x4 /opt/st/stm32cubeide_1.10.1/plugins/com.st.stm32cube.ide.mcu.externaltools.gnu-tools-for-stm32.10.3-2021.10.linux64_1.0.0.202111181127/tools/bin/../lib/gcc/arm-none-eabi/10.3.1/thumb/v7-m/nofp/crti.o
                0x0000000008003b5c                _fini
 .fini          0x0000000008003b60        0x8 /opt/st/stm32cubeide_1.10.1/plugins/com.st.stm32cube.ide.mcu.externaltools.gnu-tools-for-stm32.10.3-2021.10.linux64_1.0.0.202111181127/tools/bin/../lib/gcc/arm-none-eabi/10.3.1/thumb/v7-m/nofp/crtn.o
                0x0000000008003b68                . = ALIGN (0x4)
                0x0000000008003b68                _etext = .

.vfp11_veneer   0x0000000008003b68        0x0
 .vfp11_veneer  0x0000000008003b68        0x0 linker stubs

.v4_bx          0x0000000008003b68        0x0
 .v4_bx         0x0000000008003b68        0x0 linker stubs

.iplt           0x0000000008003b68        0x0
 .iplt          0x0000000008003b68        0x0 /opt/st/stm32cubeide_1.10.1/plugins/com.st.stm32cube.ide.mcu.externaltools.gnu-tools-for-stm32.10.3-2021.10.linux64_1.0.0.202111181127/tools/bin/../lib/gcc/arm-none-eabi/10.3.1/thumb/v7-m/nofp/crtbegin.o

.rodata         0x0000000008003b68      0x178
                0x0000000008003b68                . = ALIGN (0x4)
 *(.rodata)
 .rodata        0x0000000008003b68      0x119 ./Core/Src/main.o
 *fill*         0x0000000008003c81        0x3 
 .rodata        0x0000000008003c84       0x10 ./Drivers/STM32F1xx_HAL_Driver/Src/stm32f1xx_hal_rcc.o
 *(.rodata*)
 .rodata.AHBPrescTable
                0x0000000008003c94       0x10 ./Core/Src/system_stm32f1xx.o
                0x0000000008003c94                AHBPrescTable
 .rodata.APBPrescTable
                0x0000000008003ca4        0x8 ./Core/Src/system_stm32f1xx.o
                0x0000000008003ca4                APBPrescTable
 .rodata._svfprintf_r.str1.1
                0x0000000008003cac       0x11 /opt/st/stm32cubeide_1.10.1/plugins/com.st.stm32cube.ide.mcu.externaltools.gnu-tools-for-stm32.10.3-2021.10.linux64_1.0.0.202111181127/tools/bin/../lib/gcc/arm-none-eabi/10.3.1/../../../../arm-none-eabi/lib/thumb/v7-m/nofp/libc_nano.a(lib_a-nano-svfprintf.o)
 .rodata._printf_i.str1.1
                0x0000000008003cbd       0x22 /opt/st/stm32cubeide_1.10.1/plugins/com.st.stm32cube.ide.mcu.externaltools.gnu-tools-for-stm32.10.3-2021.10.linux64_1.0.0.202111181127/tools/bin/../lib/gcc/arm-none-eabi/10.3.1/../../../../arm-none-eabi/lib/thumb/v7-m/nofp/libc_nano.a(lib_a-nano-vfprintf_i.o)
                0x0000000008003ce0                . = ALIGN (0x4)
 *fill*         0x0000000008003cdf        0x1 

.rel.dyn        0x0000000008003ce0        0x0
 .rel.iplt      0x0000000008003ce0        0x0 /opt/st/stm32cubeide_1.10.1/plugins/com.st.stm32cube.ide.mcu.externaltools.gnu-tools-for-stm32.10.3-2021.10.linux64_1.0.0.202111181127/tools/bin/../lib/gcc/arm-none-eabi/10.3.1/thumb/v7-m/nofp/crtbegin.o

.ARM.extab      0x0000000008003ce0        0x0
                0x0000000008003ce0                . = ALIGN (0x4)
 *(.ARM.extab* .gnu.linkonce.armextab.*)
                0x0000000008003ce0                . = ALIGN (0x4)

.ARM            0x0000000008003ce0        0x0
                0x0000000008003ce0                . = ALIGN (0x4)
                0x0000000008003ce0                __exidx_start = .
 *(.ARM.exidx*)
                0x0000000008003ce0                __exidx_end = .
                0x0000000008003ce0                . = ALIGN (0x4)

.preinit_array  0x0000000008003ce0        0x0
                0x0000000008003ce0                . = ALIGN (0x4)
                0x0000000008003ce0                PROVIDE (__preinit_array_start = .)
 *(.preinit_array*)
                0x0000000008003ce0                PROVIDE (__preinit_array_end = .)
                0x0000000008003ce0                . = ALIGN (0x4)

.init_array     0x0000000008003ce0        0x4
                0x0000000008003ce0                . = ALIGN (0x4)
                0x0000000008003ce0                PROVIDE (__init_array_start = .)
 *(SORT_BY_NAME(.init_array.*))
 *(.init_array*)
 .init_array    0x0000000008003ce0        0x4 /opt/st/stm32cubeide_1.10.1/plugins/com.st.stm32cube.ide.mcu.externaltools.gnu-tools-for-stm32.10.3-2021.10.linux64_1.0.0.202111181127/tools/bin/../lib/gcc/arm-none-eabi/10.3.1/thumb/v7-m/nofp/crtbegin.o
                0x0000000008003ce4                PROVIDE (__init_array_end = .)
                0x0000000008003ce4                . = ALIGN (0x4)

.fini_array     0x0000000008003ce4        0x4
                0x0000000008003ce4                . = ALIGN (0x4)
                [!provide]                        PROVIDE (__fini_array_start = .)
 *(SORT_BY_NAME(.fini_array.*))
 *(.fini_array*)
 .fini_array    0x0000000008003ce4        0x4 /opt/st/stm32cubeide_1.10.1/plugins/com.st.stm32cube.ide.mcu.externaltools.gnu-tools-for-stm32.10.3-2021.10.linux64_1.0.0.202111181127/tools/bin/../lib/gcc/arm-none-eabi/10.3.1/thumb/v7-m/nofp/crtbegin.o
                [!provide]                        PROVIDE (__fini_array_end = .)
                0x0000000008003ce8                . = ALIGN (0x4)
                0x0000000008003ce8                _sidata = LOADADDR (.data)

.data           0x0000000020000000       0xc4 load address 0x0000000008003ce8
                0x0000000020000000                . = ALIGN (0x4)
                0x0000000020000000                _sdata = .
 *(.data)
 *(.data*)
 .data.netInfo  0x0000000020000000       0x17 ./Core/Src/main.o
                0x0000000020000000                netInfo
 *fill*         0x0000000020000017        0x1 
 .data.memSize  0x0000000020000018       0x10 ./Core/Src/main.o
                0x0000000020000018                memSize
 .data.SystemCoreClock
                0x0000000020000028        0x4 ./Core/Src/system_stm32f1xx.o
                0x0000000020000028                SystemCoreClock
 .data.WIZCHIP  0x000000002000002c       0x2c ./Core/W5500/wizchip_conf.o
                0x000000002000002c                WIZCHIP
 .data.uwTickPrio
                0x0000000020000058        0x4 ./Drivers/STM32F1xx_HAL_Driver/Src/stm32f1xx_hal.o
                0x0000000020000058                uwTickPrio
 .data.uwTickFreq
                0x000000002000005c        0x1 ./Drivers/STM32F1xx_HAL_Driver/Src/stm32f1xx_hal.o
                0x000000002000005c                uwTickFreq
 *fill*         0x000000002000005d        0x3 
 .data._impure_ptr
                0x0000000020000060        0x4 /opt/st/stm32cubeide_1.10.1/plugins/com.st.stm32cube.ide.mcu.externaltools.gnu-tools-for-stm32.10.3-2021.10.linux64_1.0.0.202111181127/tools/bin/../lib/gcc/arm-none-eabi/10.3.1/../../../../arm-none-eabi/lib/thumb/v7-m/nofp/libc_nano.a(lib_a-impure.o)
                0x0000000020000060                _impure_ptr
 .data.impure_data
                0x0000000020000064       0x60 /opt/st/stm32cubeide_1.10.1/plugins/com.st.stm32cube.ide.mcu.externaltools.gnu-tools-for-stm32.10.3-2021.10.linux64_1.0.0.202111181127/tools/bin/../lib/gcc/arm-none-eabi/10.3.1/../../../../arm-none-eabi/lib/thumb/v7-m/nofp/libc_nano.a(lib_a-impure.o)
 *(.RamFunc)
 *(.RamFunc*)
                0x00000000200000c4                . = ALIGN (0x4)
                0x00000000200000c4                _edata = .

.igot.plt       0x00000000200000c4        0x0 load address 0x0000000008003dac
 .igot.plt      0x00000000200000c4        0x0 /opt/st/stm32cubeide_1.10.1/plugins/com.st.stm32cube.ide.mcu.externaltools.gnu-tools-for-stm32.10.3-2021.10.linux64_1.0.0.202111181127/tools/bin/../lib/gcc/arm-none-eabi/10.3.1/thumb/v7-m/nofp/crtbegin.o
                0x00000000200000c4                . = ALIGN (0x4)

.bss            0x00000000200000c4      0x114 load address 0x0000000008003dac
                0x00000000200000c4                _sbss = .
                0x00000000200000c4                __bss_start__ = _sbss
 *(.bss)
 .bss           0x00000000200000c4       0x1c /opt/st/stm32cubeide_1.10.1/plugins/com.st.stm32cube.ide.mcu.externaltools.gnu-tools-for-stm32.10.3-2021.10.linux64_1.0.0.202111181127/tools/bin/../lib/gcc/arm-none-eabi/10.3.1/thumb/v7-m/nofp/crtbegin.o
 *(.bss*)
 .bss.msg       0x00000000200000e0       0x3c ./Core/Src/main.o
                0x00000000200000e0                msg
 .bss.hspi1     0x000000002000011c       0x58 ./Core/Src/main.o
                0x000000002000011c                hspi1
 .bss.huart2    0x0000000020000174       0x44 ./Core/Src/main.o
                0x0000000020000174                huart2
 .bss.__sbrk_heap_end
                0x00000000200001b8        0x4 ./Core/Src/sysmem.o
 .bss._DNS_     0x00000000200001bc        0x4 ./Core/W5500/wizchip_conf.o
 .bss._DHCP_    0x00000000200001c0        0x1 ./Core/W5500/wizchip_conf.o
 *fill*         0x00000000200001c1        0x3 
 .bss.uwTick    0x00000000200001c4        0x4 ./Drivers/STM32F1xx_HAL_Driver/Src/stm32f1xx_hal.o
                0x00000000200001c4                uwTick
 .bss.__malloc_free_list
                0x00000000200001c8        0x4 /opt/st/stm32cubeide_1.10.1/plugins/com.st.stm32cube.ide.mcu.externaltools.gnu-tools-for-stm32.10.3-2021.10.linux64_1.0.0.202111181127/tools/bin/../lib/gcc/arm-none-eabi/10.3.1/../../../../arm-none-eabi/lib/thumb/v7-m/nofp/libc_nano.a(lib_a-nano-mallocr.o)
                0x00000000200001c8                __malloc_free_list
 .bss.__malloc_sbrk_start
                0x00000000200001cc        0x4 /opt/st/stm32cubeide_1.10.1/plugins/com.st.stm32cube.ide.mcu.externaltools.gnu-tools-for-stm32.10.3-2021.10.linux64_1.0.0.202111181127/tools/bin/../lib/gcc/arm-none-eabi/10.3.1/../../../../arm-none-eabi/lib/thumb/v7-m/nofp/libc_nano.a(lib_a-nano-mallocr.o)
                0x00000000200001cc                __malloc_sbrk_start
 .bss.errno     0x00000000200001d0        0x4 /opt/st/stm32cubeide_1.10.1/plugins/com.st.stm32cube.ide.mcu.externaltools.gnu-tools-for-stm32.10.3-2021.10.linux64_1.0.0.202111181127/tools/bin/../lib/gcc/arm-none-eabi/10.3.1/../../../../arm-none-eabi/lib/thumb/v7-m/nofp/libc_nano.a(lib_a-reent.o)
                0x00000000200001d0                errno
 .bss.__lock___malloc_recursive_mutex
                0x00000000200001d4        0x1 /opt/st/stm32cubeide_1.10.1/plugins/com.st.stm32cube.ide.mcu.externaltools.gnu-tools-for-stm32.10.3-2021.10.linux64_1.0.0.202111181127/tools/bin/../lib/gcc/arm-none-eabi/10.3.1/../../../../arm-none-eabi/lib/thumb/v7-m/nofp/libc_nano.a(lib_a-lock.o)
                0x00000000200001d4                __lock___malloc_recursive_mutex
 *(COMMON)
                0x00000000200001d8                . = ALIGN (0x4)
 *fill*         0x00000000200001d5        0x3 
                0x00000000200001d8                _ebss = .
                0x00000000200001d8                __bss_end__ = _ebss

._user_heap_stack
                0x00000000200001d8      0x600 load address 0x0000000008003dac
                0x00000000200001d8                . = ALIGN (0x8)
                [!provide]                        PROVIDE (end = .)
                0x00000000200001d8                PROVIDE (_end = .)
                0x00000000200003d8                . = (. + _Min_Heap_Size)
 *fill*         0x00000000200001d8      0x200 
                0x00000000200007d8                . = (. + _Min_Stack_Size)
 *fill*         0x00000000200003d8      0x400 
                0x00000000200007d8                . = ALIGN (0x8)

/DISCARD/
 libc.a(*)
 libm.a(*)
 libgcc.a(*)

.ARM.attributes
                0x0000000000000000       0x29
 *(.ARM.attributes)
 .ARM.attributes
                0x0000000000000000       0x1d /opt/st/stm32cubeide_1.10.1/plugins/com.st.stm32cube.ide.mcu.externaltools.gnu-tools-for-stm32.10.3-2021.10.linux64_1.0.0.202111181127/tools/bin/../lib/gcc/arm-none-eabi/10.3.1/thumb/v7-m/nofp/crti.o
 .ARM.attributes
                0x000000000000001d       0x2d /opt/st/stm32cubeide_1.10.1/plugins/com.st.stm32cube.ide.mcu.externaltools.gnu-tools-for-stm32.10.3-2021.10.linux64_1.0.0.202111181127/tools/bin/../lib/gcc/arm-none-eabi/10.3.1/thumb/v7-m/nofp/crtbegin.o
 .ARM.attributes
                0x000000000000004a       0x2d ./Core/Src/main.o
 .ARM.attributes
                0x0000000000000077       0x2d ./Core/Src/stm32f1xx_hal_msp.o
 .ARM.attributes
                0x00000000000000a4       0x2d ./Core/Src/stm32f1xx_it.o
 .ARM.attributes
                0x00000000000000d1       0x2d ./Core/Src/sysmem.o
 .ARM.attributes
                0x00000000000000fe       0x2d ./Core/Src/system_stm32f1xx.o
 .ARM.attributes
                0x000000000000012b       0x21 ./Core/Startup/startup_stm32f103c8tx.o
 .ARM.attributes
                0x000000000000014c       0x2d ./Core/W5500/mFunctions.o
 .ARM.attributes
                0x0000000000000179       0x2d ./Core/W5500/w5500.o
 .ARM.attributes
                0x00000000000001a6       0x2d ./Core/W5500/wizchip_conf.o
 .ARM.attributes
                0x00000000000001d3       0x2d ./Drivers/STM32F1xx_HAL_Driver/Src/stm32f1xx_hal.o
 .ARM.attributes
                0x0000000000000200       0x2d ./Drivers/STM32F1xx_HAL_Driver/Src/stm32f1xx_hal_cortex.o
 .ARM.attributes
                0x000000000000022d       0x2d ./Drivers/STM32F1xx_HAL_Driver/Src/stm32f1xx_hal_gpio.o
 .ARM.attributes
                0x000000000000025a       0x2d ./Drivers/STM32F1xx_HAL_Driver/Src/stm32f1xx_hal_rcc.o
 .ARM.attributes
                0x0000000000000287       0x2d ./Drivers/STM32F1xx_HAL_Driver/Src/stm32f1xx_hal_spi.o
 .ARM.attributes
                0x00000000000002b4       0x2d ./Drivers/STM32F1xx_HAL_Driver/Src/stm32f1xx_hal_uart.o
 .ARM.attributes
                0x00000000000002e1       0x2d /opt/st/stm32cubeide_1.10.1/plugins/com.st.stm32cube.ide.mcu.externaltools.gnu-tools-for-stm32.10.3-2021.10.linux64_1.0.0.202111181127/tools/bin/../lib/gcc/arm-none-eabi/10.3.1/../../../../arm-none-eabi/lib/thumb/v7-m/nofp/libc_nano.a(lib_a-errno.o)
 .ARM.attributes
                0x000000000000030e       0x2d /opt/st/stm32cubeide_1.10.1/plugins/com.st.stm32cube.ide.mcu.externaltools.gnu-tools-for-stm32.10.3-2021.10.linux64_1.0.0.202111181127/tools/bin/../lib/gcc/arm-none-eabi/10.3.1/../../../../arm-none-eabi/lib/thumb/v7-m/nofp/libc_nano.a(lib_a-impure.o)
 .ARM.attributes
                0x000000000000033b       0x2d /opt/st/stm32cubeide_1.10.1/plugins/com.st.stm32cube.ide.mcu.externaltools.gnu-tools-for-stm32.10.3-2021.10.linux64_1.0.0.202111181127/tools/bin/../lib/gcc/arm-none-eabi/10.3.1/../../../../arm-none-eabi/lib/thumb/v7-m/nofp/libc_nano.a(lib_a-init.o)
 .ARM.attributes
                0x0000000000000368       0x2d /opt/st/stm32cubeide_1.10.1/plugins/com.st.stm32cube.ide.mcu.externaltools.gnu-tools-for-stm32.10.3-2021.10.linux64_1.0.0.202111181127/tools/bin/../lib/gcc/arm-none-eabi/10.3.1/../../../../arm-none-eabi/lib/thumb/v7-m/nofp/libc_nano.a(lib_a-memset.o)
 .ARM.attributes
                0x0000000000000395       0x2d /opt/st/stm32cubeide_1.10.1/plugins/com.st.stm32cube.ide.mcu.externaltools.gnu-tools-for-stm32.10.3-2021.10.linux64_1.0.0.202111181127/tools/bin/../lib/gcc/arm-none-eabi/10.3.1/../../../../arm-none-eabi/lib/thumb/v7-m/nofp/libc_nano.a(lib_a-sprintf.o)
 .ARM.attributes
                0x00000000000003c2       0x17 /opt/st/stm32cubeide_1.10.1/plugins/com.st.stm32cube.ide.mcu.externaltools.gnu-tools-for-stm32.10.3-2021.10.linux64_1.0.0.202111181127/tools/bin/../lib/gcc/arm-none-eabi/10.3.1/../../../../arm-none-eabi/lib/thumb/v7-m/nofp/libc_nano.a(lib_a-strlen.o)
 .ARM.attributes
                0x00000000000003d9       0x2d /opt/st/stm32cubeide_1.10.1/plugins/com.st.stm32cube.ide.mcu.externaltools.gnu-tools-for-stm32.10.3-2021.10.linux64_1.0.0.202111181127/tools/bin/../lib/gcc/arm-none-eabi/10.3.1/../../../../arm-none-eabi/lib/thumb/v7-m/nofp/libc_nano.a(lib_a-nano-svfprintf.o)
 .ARM.attributes
                0x0000000000000406       0x2d /opt/st/stm32cubeide_1.10.1/plugins/com.st.stm32cube.ide.mcu.externaltools.gnu-tools-for-stm32.10.3-2021.10.linux64_1.0.0.202111181127/tools/bin/../lib/gcc/arm-none-eabi/10.3.1/../../../../arm-none-eabi/lib/thumb/v7-m/nofp/libc_nano.a(lib_a-nano-vfprintf_i.o)
 .ARM.attributes
                0x0000000000000433       0x2d /opt/st/stm32cubeide_1.10.1/plugins/com.st.stm32cube.ide.mcu.externaltools.gnu-tools-for-stm32.10.3-2021.10.linux64_1.0.0.202111181127/tools/bin/../lib/gcc/arm-none-eabi/10.3.1/../../../../arm-none-eabi/lib/thumb/v7-m/nofp/libc_nano.a(lib_a-memchr-stub.o)
 .ARM.attributes
                0x0000000000000460       0x2d /opt/st/stm32cubeide_1.10.1/plugins/com.st.stm32cube.ide.mcu.externaltools.gnu-tools-for-stm32.10.3-2021.10.linux64_1.0.0.202111181127/tools/bin/../lib/gcc/arm-none-eabi/10.3.1/../../../../arm-none-eabi/lib/thumb/v7-m/nofp/libc_nano.a(lib_a-memcpy-stub.o)
 .ARM.attributes
                0x000000000000048d       0x2d /opt/st/stm32cubeide_1.10.1/plugins/com.st.stm32cube.ide.mcu.externaltools.gnu-tools-for-stm32.10.3-2021.10.linux64_1.0.0.202111181127/tools/bin/../lib/gcc/arm-none-eabi/10.3.1/../../../../arm-none-eabi/lib/thumb/v7-m/nofp/libc_nano.a(lib_a-memmove.o)
 .ARM.attributes
                0x00000000000004ba       0x2d /opt/st/stm32cubeide_1.10.1/plugins/com.st.stm32cube.ide.mcu.externaltools.gnu-tools-for-stm32.10.3-2021.10.linux64_1.0.0.202111181127/tools/bin/../lib/gcc/arm-none-eabi/10.3.1/../../../../arm-none-eabi/lib/thumb/v7-m/nofp/libc_nano.a(lib_a-nano-freer.o)
 .ARM.attributes
                0x00000000000004e7       0x2d /opt/st/stm32cubeide_1.10.1/plugins/com.st.stm32cube.ide.mcu.externaltools.gnu-tools-for-stm32.10.3-2021.10.linux64_1.0.0.202111181127/tools/bin/../lib/gcc/arm-none-eabi/10.3.1/../../../../arm-none-eabi/lib/thumb/v7-m/nofp/libc_nano.a(lib_a-nano-mallocr.o)
 .ARM.attributes
                0x0000000000000514       0x2d /opt/st/stm32cubeide_1.10.1/plugins/com.st.stm32cube.ide.mcu.externaltools.gnu-tools-for-stm32.10.3-2021.10.linux64_1.0.0.202111181127/tools/bin/../lib/gcc/arm-none-eabi/10.3.1/../../../../arm-none-eabi/lib/thumb/v7-m/nofp/libc_nano.a(lib_a-nano-reallocr.o)
 .ARM.attributes
                0x0000000000000541       0x2d /opt/st/stm32cubeide_1.10.1/plugins/com.st.stm32cube.ide.mcu.externaltools.gnu-tools-for-stm32.10.3-2021.10.linux64_1.0.0.202111181127/tools/bin/../lib/gcc/arm-none-eabi/10.3.1/../../../../arm-none-eabi/lib/thumb/v7-m/nofp/libc_nano.a(lib_a-sbrkr.o)
 .ARM.attributes
                0x000000000000056e       0x2d /opt/st/stm32cubeide_1.10.1/plugins/com.st.stm32cube.ide.mcu.externaltools.gnu-tools-for-stm32.10.3-2021.10.linux64_1.0.0.202111181127/tools/bin/../lib/gcc/arm-none-eabi/10.3.1/../../../../arm-none-eabi/lib/thumb/v7-m/nofp/libc_nano.a(lib_a-mlock.o)
 .ARM.attributes
                0x000000000000059b       0x2d /opt/st/stm32cubeide_1.10.1/plugins/com.st.stm32cube.ide.mcu.externaltools.gnu-tools-for-stm32.10.3-2021.10.linux64_1.0.0.202111181127/tools/bin/../lib/gcc/arm-none-eabi/10.3.1/../../../../arm-none-eabi/lib/thumb/v7-m/nofp/libc_nano.a(lib_a-nano-msizer.o)
 .ARM.attributes
                0x00000000000005c8       0x2d /opt/st/stm32cubeide_1.10.1/plugins/com.st.stm32cube.ide.mcu.externaltools.gnu-tools-for-stm32.10.3-2021.10.linux64_1.0.0.202111181127/tools/bin/../lib/gcc/arm-none-eabi/10.3.1/../../../../arm-none-eabi/lib/thumb/v7-m/nofp/libc_nano.a(lib_a-reent.o)
 .ARM.attributes
                0x00000000000005f5       0x2d /opt/st/stm32cubeide_1.10.1/plugins/com.st.stm32cube.ide.mcu.externaltools.gnu-tools-for-stm32.10.3-2021.10.linux64_1.0.0.202111181127/tools/bin/../lib/gcc/arm-none-eabi/10.3.1/../../../../arm-none-eabi/lib/thumb/v7-m/nofp/libc_nano.a(lib_a-lock.o)
 .ARM.attributes
                0x0000000000000622       0x1d /opt/st/stm32cubeide_1.10.1/plugins/com.st.stm32cube.ide.mcu.externaltools.gnu-tools-for-stm32.10.3-2021.10.linux64_1.0.0.202111181127/tools/bin/../lib/gcc/arm-none-eabi/10.3.1/thumb/v7-m/nofp/crtn.o
OUTPUT(muhtas1.elf elf32-littlearm)
LOAD linker stubs
LOAD /opt/st/stm32cubeide_1.10.1/plugins/com.st.stm32cube.ide.mcu.externaltools.gnu-tools-for-stm32.10.3-2021.10.linux64_1.0.0.202111181127/tools/bin/../lib/gcc/arm-none-eabi/10.3.1/../../../../arm-none-eabi/lib/thumb/v7-m/nofp/libc.a
LOAD /opt/st/stm32cubeide_1.10.1/plugins/com.st.stm32cube.ide.mcu.externaltools.gnu-tools-for-stm32.10.3-2021.10.linux64_1.0.0.202111181127/tools/bin/../lib/gcc/arm-none-eabi/10.3.1/../../../../arm-none-eabi/lib/thumb/v7-m/nofp/libm.a
LOAD /opt/st/stm32cubeide_1.10.1/plugins/com.st.stm32cube.ide.mcu.externaltools.gnu-tools-for-stm32.10.3-2021.10.linux64_1.0.0.202111181127/tools/bin/../lib/gcc/arm-none-eabi/10.3.1/thumb/v7-m/nofp/libgcc.a

.debug_info     0x0000000000000000     0x89ca
 .debug_info    0x0000000000000000      0xfdb ./Core/Src/main.o
 .debug_info    0x0000000000000fdb      0xb49 ./Core/Src/stm32f1xx_hal_msp.o
 .debug_info    0x0000000000001b24      0x122 ./Core/Src/stm32f1xx_it.o
 .debug_info    0x0000000000001c46      0x171 ./Core/Src/sysmem.o
 .debug_info    0x0000000000001db7      0x23d ./Core/Src/system_stm32f1xx.o
 .debug_info    0x0000000000001ff4       0x22 ./Core/Startup/startup_stm32f103c8tx.o
 .debug_info    0x0000000000002016      0x9ff ./Core/W5500/mFunctions.o
 .debug_info    0x0000000000002a15      0x586 ./Core/W5500/w5500.o
 .debug_info    0x0000000000002f9b      0xd36 ./Core/W5500/wizchip_conf.o
 .debug_info    0x0000000000003cd1      0x734 ./Drivers/STM32F1xx_HAL_Driver/Src/stm32f1xx_hal.o
 .debug_info    0x0000000000004405      0xb20 ./Drivers/STM32F1xx_HAL_Driver/Src/stm32f1xx_hal_cortex.o
 .debug_info    0x0000000000004f25      0x615 ./Drivers/STM32F1xx_HAL_Driver/Src/stm32f1xx_hal_gpio.o
 .debug_info    0x000000000000553a      0x860 ./Drivers/STM32F1xx_HAL_Driver/Src/stm32f1xx_hal_rcc.o
 .debug_info    0x0000000000005d9a     0x1658 ./Drivers/STM32F1xx_HAL_Driver/Src/stm32f1xx_hal_spi.o
 .debug_info    0x00000000000073f2     0x15d8 ./Drivers/STM32F1xx_HAL_Driver/Src/stm32f1xx_hal_uart.o

.debug_abbrev   0x0000000000000000     0x1c67
 .debug_abbrev  0x0000000000000000      0x31b ./Core/Src/main.o
 .debug_abbrev  0x000000000000031b      0x194 ./Core/Src/stm32f1xx_hal_msp.o
 .debug_abbrev  0x00000000000004af       0x74 ./Core/Src/stm32f1xx_it.o
 .debug_abbrev  0x0000000000000523       0xbb ./Core/Src/sysmem.o
 .debug_abbrev  0x00000000000005de      0x13b ./Core/Src/system_stm32f1xx.o
 .debug_abbrev  0x0000000000000719       0x12 ./Core/Startup/startup_stm32f103c8tx.o
 .debug_abbrev  0x000000000000072b      0x1f0 ./Core/W5500/mFunctions.o
 .debug_abbrev  0x000000000000091b      0x211 ./Core/W5500/w5500.o
 .debug_abbrev  0x0000000000000b2c      0x30a ./Core/W5500/wizchip_conf.o
 .debug_abbrev  0x0000000000000e36      0x1fb ./Drivers/STM32F1xx_HAL_Driver/Src/stm32f1xx_hal.o
 .debug_abbrev  0x0000000000001031      0x2ed ./Drivers/STM32F1xx_HAL_Driver/Src/stm32f1xx_hal_cortex.o
 .debug_abbrev  0x000000000000131e      0x1bb ./Drivers/STM32F1xx_HAL_Driver/Src/stm32f1xx_hal_gpio.o
 .debug_abbrev  0x00000000000014d9      0x2a8 ./Drivers/STM32F1xx_HAL_Driver/Src/stm32f1xx_hal_rcc.o
 .debug_abbrev  0x0000000000001781      0x26e ./Drivers/STM32F1xx_HAL_Driver/Src/stm32f1xx_hal_spi.o
 .debug_abbrev  0x00000000000019ef      0x278 ./Drivers/STM32F1xx_HAL_Driver/Src/stm32f1xx_hal_uart.o

.debug_aranges  0x0000000000000000      0x9c8
 .debug_aranges
                0x0000000000000000       0x48 ./Core/Src/main.o
 .debug_aranges
                0x0000000000000048       0x40 ./Core/Src/stm32f1xx_hal_msp.o
 .debug_aranges
                0x0000000000000088       0x60 ./Core/Src/stm32f1xx_it.o
 .debug_aranges
                0x00000000000000e8       0x20 ./Core/Src/sysmem.o
 .debug_aranges
                0x0000000000000108       0x28 ./Core/Src/system_stm32f1xx.o
 .debug_aranges
                0x0000000000000130       0x28 ./Core/Startup/startup_stm32f103c8tx.o
 .debug_aranges
                0x0000000000000158       0x40 ./Core/W5500/mFunctions.o
 .debug_aranges
                0x0000000000000198       0x60 ./Core/W5500/w5500.o
 .debug_aranges
                0x00000000000001f8      0x138 ./Core/W5500/wizchip_conf.o
 .debug_aranges
                0x0000000000000330       0xe0 ./Drivers/STM32F1xx_HAL_Driver/Src/stm32f1xx_hal.o
 .debug_aranges
                0x0000000000000410      0x100 ./Drivers/STM32F1xx_HAL_Driver/Src/stm32f1xx_hal_cortex.o
 .debug_aranges
                0x0000000000000510       0x58 ./Drivers/STM32F1xx_HAL_Driver/Src/stm32f1xx_hal_gpio.o
 .debug_aranges
                0x0000000000000568       0x90 ./Drivers/STM32F1xx_HAL_Driver/Src/stm32f1xx_hal_rcc.o
 .debug_aranges
                0x00000000000005f8      0x1d0 ./Drivers/STM32F1xx_HAL_Driver/Src/stm32f1xx_hal_spi.o
 .debug_aranges
                0x00000000000007c8      0x200 ./Drivers/STM32F1xx_HAL_Driver/Src/stm32f1xx_hal_uart.o

.debug_ranges   0x0000000000000000      0x910
 .debug_ranges  0x0000000000000000       0x38 ./Core/Src/main.o
 .debug_ranges  0x0000000000000038       0x30 ./Core/Src/stm32f1xx_hal_msp.o
 .debug_ranges  0x0000000000000068       0x50 ./Core/Src/stm32f1xx_it.o
 .debug_ranges  0x00000000000000b8       0x10 ./Core/Src/sysmem.o
 .debug_ranges  0x00000000000000c8       0x18 ./Core/Src/system_stm32f1xx.o
 .debug_ranges  0x00000000000000e0       0x20 ./Core/Startup/startup_stm32f103c8tx.o
 .debug_ranges  0x0000000000000100       0x30 ./Core/W5500/mFunctions.o
 .debug_ranges  0x0000000000000130       0x50 ./Core/W5500/w5500.o
 .debug_ranges  0x0000000000000180      0x128 ./Core/W5500/wizchip_conf.o
 .debug_ranges  0x00000000000002a8       0xd0 ./Drivers/STM32F1xx_HAL_Driver/Src/stm32f1xx_hal.o
 .debug_ranges  0x0000000000000378       0xf0 ./Drivers/STM32F1xx_HAL_Driver/Src/stm32f1xx_hal_cortex.o
 .debug_ranges  0x0000000000000468       0x48 ./Drivers/STM32F1xx_HAL_Driver/Src/stm32f1xx_hal_gpio.o
 .debug_ranges  0x00000000000004b0       0x80 ./Drivers/STM32F1xx_HAL_Driver/Src/stm32f1xx_hal_rcc.o
 .debug_ranges  0x0000000000000530      0x1c0 ./Drivers/STM32F1xx_HAL_Driver/Src/stm32f1xx_hal_spi.o
 .debug_ranges  0x00000000000006f0      0x220 ./Drivers/STM32F1xx_HAL_Driver/Src/stm32f1xx_hal_uart.o

.debug_macro    0x0000000000000000    0x17dd4
 .debug_macro   0x0000000000000000      0x3b4 ./Core/Src/main.o
 .debug_macro   0x00000000000003b4      0xa6c ./Core/Src/main.o
 .debug_macro   0x0000000000000e20      0x21b ./Core/Src/main.o
 .debug_macro   0x000000000000103b       0x2e ./Core/Src/main.o
 .debug_macro   0x0000000000001069       0x22 ./Core/Src/main.o
 .debug_macro   0x000000000000108b       0x22 ./Core/Src/main.o
 .debug_macro   0x00000000000010ad       0x8e ./Core/Src/main.o
 .debug_macro   0x000000000000113b       0x51 ./Core/Src/main.o
 .debug_macro   0x000000000000118c      0x103 ./Core/Src/main.o
 .debug_macro   0x000000000000128f       0x6a ./Core/Src/main.o
 .debug_macro   0x00000000000012f9      0x1df ./Core/Src/main.o
 .debug_macro   0x00000000000014d8       0x1c ./Core/Src/main.o
 .debug_macro   0x00000000000014f4       0x22 ./Core/Src/main.o
 .debug_macro   0x0000000000001516       0xbd ./Core/Src/main.o
 .debug_macro   0x00000000000015d3      0xd23 ./Core/Src/main.o
 .debug_macro   0x00000000000022f6     0xe09e ./Core/Src/main.o
 .debug_macro   0x0000000000010394       0x6d ./Core/Src/main.o
 .debug_macro   0x0000000000010401     0x3468 ./Core/Src/main.o
 .debug_macro   0x0000000000013869      0x174 ./Core/Src/main.o
 .debug_macro   0x00000000000139dd       0x5c ./Core/Src/main.o
 .debug_macro   0x0000000000013a39      0x5be ./Core/Src/main.o
 .debug_macro   0x0000000000013ff7      0x289 ./Core/Src/main.o
 .debug_macro   0x0000000000014280      0x1cb ./Core/Src/main.o
 .debug_macro   0x000000000001444b      0x114 ./Core/Src/main.o
 .debug_macro   0x000000000001455f      0x1b2 ./Core/Src/main.o
 .debug_macro   0x0000000000014711       0x27 ./Core/Src/main.o
 .debug_macro   0x0000000000014738      0x136 ./Core/Src/main.o
 .debug_macro   0x000000000001486e      0x1bc ./Core/Src/main.o
 .debug_macro   0x0000000000014a2a       0x34 ./Core/Src/main.o
 .debug_macro   0x0000000000014a5e       0x3c ./Core/Src/main.o
 .debug_macro   0x0000000000014a9a       0x57 ./Core/Src/main.o
 .debug_macro   0x0000000000014af1       0x88 ./Core/Src/main.o
 .debug_macro   0x0000000000014b79      0x241 ./Core/Src/main.o
 .debug_macro   0x0000000000014dba      0x141 ./Core/Src/main.o
 .debug_macro   0x0000000000014efb      0x217 ./Core/Src/main.o
 .debug_macro   0x0000000000015112      0x279 ./Core/Src/main.o
 .debug_macro   0x000000000001538b       0x83 ./Core/Src/main.o
 .debug_macro   0x000000000001540e       0x1c ./Core/Src/main.o
 .debug_macro   0x000000000001542a       0x52 ./Core/Src/main.o
 .debug_macro   0x000000000001547c       0x18 ./Core/Src/main.o
 .debug_macro   0x0000000000015494       0x3c ./Core/Src/main.o
 .debug_macro   0x00000000000154d0       0x34 ./Core/Src/main.o
 .debug_macro   0x0000000000015504       0x16 ./Core/Src/main.o
 .debug_macro   0x000000000001551a       0x43 ./Core/Src/main.o
 .debug_macro   0x000000000001555d       0x34 ./Core/Src/main.o
 .debug_macro   0x0000000000015591       0x10 ./Core/Src/main.o
 .debug_macro   0x00000000000155a1       0x58 ./Core/Src/main.o
 .debug_macro   0x00000000000155f9       0x71 ./Core/Src/main.o
 .debug_macro   0x000000000001566a       0x1c ./Core/Src/main.o
 .debug_macro   0x0000000000015686      0x12a ./Core/Src/main.o
 .debug_macro   0x00000000000157b0      0x341 ./Core/Src/main.o
 .debug_macro   0x0000000000015af1       0x10 ./Core/Src/main.o
 .debug_macro   0x0000000000015b01       0x35 ./Core/Src/main.o
 .debug_macro   0x0000000000015b36       0x20 ./Core/Src/main.o
 .debug_macro   0x0000000000015b56       0x16 ./Core/Src/main.o
 .debug_macro   0x0000000000015b6c       0x16 ./Core/Src/main.o
 .debug_macro   0x0000000000015b82       0x29 ./Core/Src/main.o
 .debug_macro   0x0000000000015bab       0x1c ./Core/Src/main.o
 .debug_macro   0x0000000000015bc7       0x10 ./Core/Src/main.o
 .debug_macro   0x0000000000015bd7       0x10 ./Core/Src/main.o
 .debug_macro   0x0000000000015be7       0x1c ./Core/Src/main.o
 .debug_macro   0x0000000000015c03       0x52 ./Core/Src/main.o
 .debug_macro   0x0000000000015c55       0x22 ./Core/Src/main.o
 .debug_macro   0x0000000000015c77       0x10 ./Core/Src/main.o
 .debug_macro   0x0000000000015c87       0x52 ./Core/Src/main.o
 .debug_macro   0x0000000000015cd9       0xd5 ./Core/Src/main.o
 .debug_macro   0x0000000000015dae       0x1c ./Core/Src/main.o
 .debug_macro   0x0000000000015dca       0x3d ./Core/Src/main.o
 .debug_macro   0x0000000000015e07       0x16 ./Core/Src/main.o
 .debug_macro   0x0000000000015e1d      0x145 ./Core/Src/main.o
 .debug_macro   0x0000000000015f62       0x64 ./Core/Src/main.o
 .debug_macro   0x0000000000015fc6       0x6c ./Core/Src/main.o
 .debug_macro   0x0000000000016032      0x5e7 ./Core/Src/main.o
 .debug_macro   0x0000000000016619       0x66 ./Core/Src/main.o
 .debug_macro   0x000000000001667f       0xde ./Core/Src/main.o
 .debug_macro   0x000000000001675d      0x1a7 ./Core/Src/stm32f1xx_hal_msp.o
 .debug_macro   0x0000000000016904      0x1b1 ./Core/Src/stm32f1xx_it.o
 .debug_macro   0x0000000000016ab5       0xff ./Core/Src/sysmem.o
 .debug_macro   0x0000000000016bb4      0x23b ./Core/Src/sysmem.o
 .debug_macro   0x0000000000016def      0x198 ./Core/Src/system_stm32f1xx.o
 .debug_macro   0x0000000000016f87      0x284 ./Core/W5500/mFunctions.o
 .debug_macro   0x000000000001720b       0x5e ./Core/W5500/mFunctions.o
 .debug_macro   0x0000000000017269       0x9d ./Core/W5500/w5500.o
 .debug_macro   0x0000000000017306       0x94 ./Core/W5500/wizchip_conf.o
 .debug_macro   0x000000000001739a      0x1bc ./Drivers/STM32F1xx_HAL_Driver/Src/stm32f1xx_hal.o
 .debug_macro   0x0000000000017556      0x198 ./Drivers/STM32F1xx_HAL_Driver/Src/stm32f1xx_hal_cortex.o
 .debug_macro   0x00000000000176ee      0x203 ./Drivers/STM32F1xx_HAL_Driver/Src/stm32f1xx_hal_gpio.o
 .debug_macro   0x00000000000178f1      0x1aa ./Drivers/STM32F1xx_HAL_Driver/Src/stm32f1xx_hal_rcc.o
 .debug_macro   0x0000000000017a9b      0x1a0 ./Drivers/STM32F1xx_HAL_Driver/Src/stm32f1xx_hal_spi.o
 .debug_macro   0x0000000000017c3b      0x199 ./Drivers/STM32F1xx_HAL_Driver/Src/stm32f1xx_hal_uart.o

.debug_line     0x0000000000000000     0x9c01
 .debug_line    0x0000000000000000      0x9e5 ./Core/Src/main.o
 .debug_line    0x00000000000009e5      0x6da ./Core/Src/stm32f1xx_hal_msp.o
 .debug_line    0x00000000000010bf      0x6f6 ./Core/Src/stm32f1xx_it.o
 .debug_line    0x00000000000017b5      0x4bd ./Core/Src/sysmem.o
 .debug_line    0x0000000000001c72      0x6b2 ./Core/Src/system_stm32f1xx.o
 .debug_line    0x0000000000002324       0x87 ./Core/Startup/startup_stm32f103c8tx.o
 .debug_line    0x00000000000023ab      0x7f4 ./Core/W5500/mFunctions.o
 .debug_line    0x0000000000002b9f      0x69d ./Core/W5500/w5500.o
 .debug_line    0x000000000000323c      0xa9e ./Core/W5500/wizchip_conf.o
 .debug_line    0x0000000000003cda      0x8df ./Drivers/STM32F1xx_HAL_Driver/Src/stm32f1xx_hal.o
 .debug_line    0x00000000000045b9      0xac7 ./Drivers/STM32F1xx_HAL_Driver/Src/stm32f1xx_hal_cortex.o
 .debug_line    0x0000000000005080      0x976 ./Drivers/STM32F1xx_HAL_Driver/Src/stm32f1xx_hal_gpio.o
 .debug_line    0x00000000000059f6      0xced ./Drivers/STM32F1xx_HAL_Driver/Src/stm32f1xx_hal_rcc.o
 .debug_line    0x00000000000066e3     0x1b64 ./Drivers/STM32F1xx_HAL_Driver/Src/stm32f1xx_hal_spi.o
 .debug_line    0x0000000000008247     0x19ba ./Drivers/STM32F1xx_HAL_Driver/Src/stm32f1xx_hal_uart.o

.debug_str      0x0000000000000000    0x87b05
 .debug_str     0x0000000000000000    0x854c6 ./Core/Src/main.o
                                      0x8588c (size before relaxing)
 .debug_str     0x00000000000854c6       0xbb ./Core/Src/stm32f1xx_hal_msp.o
                                      0x7e0e7 (size before relaxing)
 .debug_str     0x0000000000085581       0xc9 ./Core/Src/stm32f1xx_it.o
                                      0x7daf4 (size before relaxing)
 .debug_str     0x000000000008564a      0x4da ./Core/Src/sysmem.o
                                       0x5d54 (size before relaxing)
 .debug_str     0x0000000000085b24       0x7e ./Core/Src/system_stm32f1xx.o
                                      0x7dabd (size before relaxing)
 .debug_str     0x0000000000085ba2       0x36 ./Core/Startup/startup_stm32f103c8tx.o
                                         0x6e (size before relaxing)
 .debug_str     0x0000000000085bd8       0x41 ./Core/W5500/mFunctions.o
                                      0x814d0 (size before relaxing)
 .debug_str     0x0000000000085c19      0x19c ./Core/W5500/w5500.o
                                       0x68f5 (size before relaxing)
 .debug_str     0x0000000000085db5      0x45a ./Core/W5500/wizchip_conf.o
                                       0x71b1 (size before relaxing)
 .debug_str     0x000000000008620f      0x607 ./Drivers/STM32F1xx_HAL_Driver/Src/stm32f1xx_hal.o
                                      0x7e1f0 (size before relaxing)
 .debug_str     0x0000000000086816      0x2bb ./Drivers/STM32F1xx_HAL_Driver/Src/stm32f1xx_hal_cortex.o
                                      0x7e13c (size before relaxing)
 .debug_str     0x0000000000086ad1      0x2e6 ./Drivers/STM32F1xx_HAL_Driver/Src/stm32f1xx_hal_gpio.o
                                      0x7de43 (size before relaxing)
 .debug_str     0x0000000000086db7      0x229 ./Drivers/STM32F1xx_HAL_Driver/Src/stm32f1xx_hal_rcc.o
                                      0x7deec (size before relaxing)
 .debug_str     0x0000000000086fe0      0x550 ./Drivers/STM32F1xx_HAL_Driver/Src/stm32f1xx_hal_spi.o
                                      0x7e3e9 (size before relaxing)
 .debug_str     0x0000000000087530      0x5d5 ./Drivers/STM32F1xx_HAL_Driver/Src/stm32f1xx_hal_uart.o
                                      0x7e4f7 (size before relaxing)

.comment        0x0000000000000000       0x50
 .comment       0x0000000000000000       0x50 ./Core/Src/main.o
                                         0x51 (size before relaxing)
 .comment       0x0000000000000050       0x51 ./Core/Src/stm32f1xx_hal_msp.o
 .comment       0x0000000000000050       0x51 ./Core/Src/stm32f1xx_it.o
 .comment       0x0000000000000050       0x51 ./Core/Src/sysmem.o
 .comment       0x0000000000000050       0x51 ./Core/Src/system_stm32f1xx.o
 .comment       0x0000000000000050       0x51 ./Core/W5500/mFunctions.o
 .comment       0x0000000000000050       0x51 ./Core/W5500/w5500.o
 .comment       0x0000000000000050       0x51 ./Core/W5500/wizchip_conf.o
 .comment       0x0000000000000050       0x51 ./Drivers/STM32F1xx_HAL_Driver/Src/stm32f1xx_hal.o
 .comment       0x0000000000000050       0x51 ./Drivers/STM32F1xx_HAL_Driver/Src/stm32f1xx_hal_cortex.o
 .comment       0x0000000000000050       0x51 ./Drivers/STM32F1xx_HAL_Driver/Src/stm32f1xx_hal_gpio.o
 .comment       0x0000000000000050       0x51 ./Drivers/STM32F1xx_HAL_Driver/Src/stm32f1xx_hal_rcc.o
 .comment       0x0000000000000050       0x51 ./Drivers/STM32F1xx_HAL_Driver/Src/stm32f1xx_hal_spi.o
 .comment       0x0000000000000050       0x51 ./Drivers/STM32F1xx_HAL_Driver/Src/stm32f1xx_hal_uart.o

.debug_frame    0x0000000000000000     0x2afc
 .debug_frame   0x0000000000000000       0xcc ./Core/Src/main.o
 .debug_frame   0x00000000000000cc       0xc8 ./Core/Src/stm32f1xx_hal_msp.o
 .debug_frame   0x0000000000000194      0x104 ./Core/Src/stm32f1xx_it.o
 .debug_frame   0x0000000000000298       0x34 ./Core/Src/sysmem.o
 .debug_frame   0x00000000000002cc       0x58 ./Core/Src/system_stm32f1xx.o
 .debug_frame   0x0000000000000324       0xb4 ./Core/W5500/mFunctions.o
 .debug_frame   0x00000000000003d8      0x16c ./Core/W5500/w5500.o
 .debug_frame   0x0000000000000544      0x534 ./Core/W5500/wizchip_conf.o
 .debug_frame   0x0000000000000a78      0x334 ./Drivers/STM32F1xx_HAL_Driver/Src/stm32f1xx_hal.o
 .debug_frame   0x0000000000000dac      0x428 ./Drivers/STM32F1xx_HAL_Driver/Src/stm32f1xx_hal_cortex.o
 .debug_frame   0x00000000000011d4      0x14c ./Drivers/STM32F1xx_HAL_Driver/Src/stm32f1xx_hal_gpio.o
 .debug_frame   0x0000000000001320      0x21c ./Drivers/STM32F1xx_HAL_Driver/Src/stm32f1xx_hal_rcc.o
 .debug_frame   0x000000000000153c      0x824 ./Drivers/STM32F1xx_HAL_Driver/Src/stm32f1xx_hal_spi.o
 .debug_frame   0x0000000000001d60      0x914 ./Drivers/STM32F1xx_HAL_Driver/Src/stm32f1xx_hal_uart.o
 .debug_frame   0x0000000000002674       0x20 /opt/st/stm32cubeide_1.10.1/plugins/com.st.stm32cube.ide.mcu.externaltools.gnu-tools-for-stm32.10.3-2021.10.linux64_1.0.0.202111181127/tools/bin/../lib/gcc/arm-none-eabi/10.3.1/../../../../arm-none-eabi/lib/thumb/v7-m/nofp/libc_nano.a(lib_a-errno.o)
 .debug_frame   0x0000000000002694       0x2c /opt/st/stm32cubeide_1.10.1/plugins/com.st.stm32cube.ide.mcu.externaltools.gnu-tools-for-stm32.10.3-2021.10.linux64_1.0.0.202111181127/tools/bin/../lib/gcc/arm-none-eabi/10.3.1/../../../../arm-none-eabi/lib/thumb/v7-m/nofp/libc_nano.a(lib_a-init.o)
 .debug_frame   0x00000000000026c0       0x20 /opt/st/stm32cubeide_1.10.1/plugins/com.st.stm32cube.ide.mcu.externaltools.gnu-tools-for-stm32.10.3-2021.10.linux64_1.0.0.202111181127/tools/bin/../lib/gcc/arm-none-eabi/10.3.1/../../../../arm-none-eabi/lib/thumb/v7-m/nofp/libc_nano.a(lib_a-memset.o)
 .debug_frame   0x00000000000026e0       0x6c /opt/st/stm32cubeide_1.10.1/plugins/com.st.stm32cube.ide.mcu.externaltools.gnu-tools-for-stm32.10.3-2021.10.linux64_1.0.0.202111181127/tools/bin/../lib/gcc/arm-none-eabi/10.3.1/../../../../arm-none-eabi/lib/thumb/v7-m/nofp/libc_nano.a(lib_a-sprintf.o)
 .debug_frame   0x000000000000274c       0x90 /opt/st/stm32cubeide_1.10.1/plugins/com.st.stm32cube.ide.mcu.externaltools.gnu-tools-for-stm32.10.3-2021.10.linux64_1.0.0.202111181127/tools/bin/../lib/gcc/arm-none-eabi/10.3.1/../../../../arm-none-eabi/lib/thumb/v7-m/nofp/libc_nano.a(lib_a-nano-svfprintf.o)
 .debug_frame   0x00000000000027dc       0x60 /opt/st/stm32cubeide_1.10.1/plugins/com.st.stm32cube.ide.mcu.externaltools.gnu-tools-for-stm32.10.3-2021.10.linux64_1.0.0.202111181127/tools/bin/../lib/gcc/arm-none-eabi/10.3.1/../../../../arm-none-eabi/lib/thumb/v7-m/nofp/libc_nano.a(lib_a-nano-vfprintf_i.o)
 .debug_frame   0x000000000000283c       0x28 /opt/st/stm32cubeide_1.10.1/plugins/com.st.stm32cube.ide.mcu.externaltools.gnu-tools-for-stm32.10.3-2021.10.linux64_1.0.0.202111181127/tools/bin/../lib/gcc/arm-none-eabi/10.3.1/../../../../arm-none-eabi/lib/thumb/v7-m/nofp/libc_nano.a(lib_a-memchr-stub.o)
 .debug_frame   0x0000000000002864       0x28 /opt/st/stm32cubeide_1.10.1/plugins/com.st.stm32cube.ide.mcu.externaltools.gnu-tools-for-stm32.10.3-2021.10.linux64_1.0.0.202111181127/tools/bin/../lib/gcc/arm-none-eabi/10.3.1/../../../../arm-none-eabi/lib/thumb/v7-m/nofp/libc_nano.a(lib_a-memcpy-stub.o)
 .debug_frame   0x000000000000288c       0x28 /opt/st/stm32cubeide_1.10.1/plugins/com.st.stm32cube.ide.mcu.externaltools.gnu-tools-for-stm32.10.3-2021.10.linux64_1.0.0.202111181127/tools/bin/../lib/gcc/arm-none-eabi/10.3.1/../../../../arm-none-eabi/lib/thumb/v7-m/nofp/libc_nano.a(lib_a-memmove.o)
 .debug_frame   0x00000000000028b4       0x38 /opt/st/stm32cubeide_1.10.1/plugins/com.st.stm32cube.ide.mcu.externaltools.gnu-tools-for-stm32.10.3-2021.10.linux64_1.0.0.202111181127/tools/bin/../lib/gcc/arm-none-eabi/10.3.1/../../../../arm-none-eabi/lib/thumb/v7-m/nofp/libc_nano.a(lib_a-nano-freer.o)
 .debug_frame   0x00000000000028ec       0x4c /opt/st/stm32cubeide_1.10.1/plugins/com.st.stm32cube.ide.mcu.externaltools.gnu-tools-for-stm32.10.3-2021.10.linux64_1.0.0.202111181127/tools/bin/../lib/gcc/arm-none-eabi/10.3.1/../../../../arm-none-eabi/lib/thumb/v7-m/nofp/libc_nano.a(lib_a-nano-mallocr.o)
 .debug_frame   0x0000000000002938       0x3c /opt/st/stm32cubeide_1.10.1/plugins/com.st.stm32cube.ide.mcu.externaltools.gnu-tools-for-stm32.10.3-2021.10.linux64_1.0.0.202111181127/tools/bin/../lib/gcc/arm-none-eabi/10.3.1/../../../../arm-none-eabi/lib/thumb/v7-m/nofp/libc_nano.a(lib_a-nano-reallocr.o)
 .debug_frame   0x0000000000002974       0x2c /opt/st/stm32cubeide_1.10.1/plugins/com.st.stm32cube.ide.mcu.externaltools.gnu-tools-for-stm32.10.3-2021.10.linux64_1.0.0.202111181127/tools/bin/../lib/gcc/arm-none-eabi/10.3.1/../../../../arm-none-eabi/lib/thumb/v7-m/nofp/libc_nano.a(lib_a-sbrkr.o)
 .debug_frame   0x00000000000029a0       0x30 /opt/st/stm32cubeide_1.10.1/plugins/com.st.stm32cube.ide.mcu.externaltools.gnu-tools-for-stm32.10.3-2021.10.linux64_1.0.0.202111181127/tools/bin/../lib/gcc/arm-none-eabi/10.3.1/../../../../arm-none-eabi/lib/thumb/v7-m/nofp/libc_nano.a(lib_a-mlock.o)
 .debug_frame   0x00000000000029d0       0x20 /opt/st/stm32cubeide_1.10.1/plugins/com.st.stm32cube.ide.mcu.externaltools.gnu-tools-for-stm32.10.3-2021.10.linux64_1.0.0.202111181127/tools/bin/../lib/gcc/arm-none-eabi/10.3.1/../../../../arm-none-eabi/lib/thumb/v7-m/nofp/libc_nano.a(lib_a-nano-msizer.o)
 .debug_frame   0x00000000000029f0       0x5c /opt/st/stm32cubeide_1.10.1/plugins/com.st.stm32cube.ide.mcu.externaltools.gnu-tools-for-stm32.10.3-2021.10.linux64_1.0.0.202111181127/tools/bin/../lib/gcc/arm-none-eabi/10.3.1/../../../../arm-none-eabi/lib/thumb/v7-m/nofp/libc_nano.a(lib_a-reent.o)
 .debug_frame   0x0000000000002a4c       0xb0 /opt/st/stm32cubeide_1.10.1/plugins/com.st.stm32cube.ide.mcu.externaltools.gnu-tools-for-stm32.10.3-2021.10.linux64_1.0.0.202111181127/tools/bin/../lib/gcc/arm-none-eabi/10.3.1/../../../../arm-none-eabi/lib/thumb/v7-m/nofp/libc_nano.a(lib_a-lock.o)
